[     254ms] [INFO] %cDownload the React DevTools for a better development experience: https://react.dev/link/react-devtools font-weight:bold @ http://localhost:3000/_next/static/chunks/0mgr_next_dist_12dcj3y._.js:2431
[     303ms] [LOG] [HMR] connected @ http://localhost:3000/_next/static/chunks/0mgr_next_dist_12dcj3y._.js:2431
[     370ms] [ERROR] The result of getServerSnapshot should be cached to avoid an infinite loop @ http://localhost:3000/_next/static/chunks/0mgr_next_dist_12dcj3y._.js:3272
[   68242ms] [LOG] [Fast Refresh] rebuilding @ http://localhost:3000/_next/static/chunks/0mgr_next_dist_12dcj3y._.js:2431
[   75778ms] [LOG] [Fast Refresh] done in 7676ms @ http://localhost:3000/_next/static/chunks/0mgr_next_dist_12dcj3y._.js:2431
[   76177ms] [LOG] [Fast Refresh] rebuilding @ http://localhost:3000/_next/static/chunks/0mgr_next_dist_12dcj3y._.js:2431
[   76472ms] [LOG] [Fast Refresh] done in 396ms @ http://localhost:3000/_next/static/chunks/0mgr_next_dist_12dcj3y._.js:2431
[   77556ms] [INFO] %cDownload the React DevTools for a better development experience: https://react.dev/link/react-devtools font-weight:bold @ http://localhost:3000/_next/static/chunks/0mgr_next_dist_12dcj3y._.js:2431
[   77639ms] [LOG] [HMR] connected @ http://localhost:3000/_next/static/chunks/0mgr_next_dist_12dcj3y._.js:2431
[   77696ms] [ERROR] The result of getServerSnapshot should be cached to avoid an infinite loop @ http://localhost:3000/_next/static/chunks/0mgr_next_dist_12dcj3y._.js:3272
[   77832ms] [LOG] [Fast Refresh] rebuilding @ http://localhost:3000/_next/static/chunks/0mgr_next_dist_12dcj3y._.js:2431
[   77845ms] [LOG] [Fast Refresh] done in 114ms @ http://localhost:3000/_next/static/chunks/0mgr_next_dist_12dcj3y._.js:2431
[   81881ms] Error: A table must have at least one Column with the isRowHeader prop set to true
    at $1910c06f0ca9905e$var$TableCollection.updateColumns (http://localhost:3000/_next/static/chunks/0mgr_react-aria-components_dist_0wj7x_z._.js:896:93)
    at $1910c06f0ca9905e$var$TableCollection.commit (http://localhost:3000/_next/static/chunks/0mgr_react-aria-components_dist_0wj7x_z._.js:861:14)
    at $681cc3c98f569e39$export$b34a105447964f9f.updateCollection (http://localhost:3000/_next/static/chunks/0mgr_0z-x7bv._.js:4613:33)
    at $681cc3c98f569e39$export$b34a105447964f9f.getCollection (http://localhost:3000/_next/static/chunks/0mgr_0z-x7bv._.js:4593:14)
    at http://localhost:3000/_next/static/chunks/0mgr_0z-x7bv._.js:4811:35
    at updateSyncExternalStore (http://localhost:3000/_next/static/chunks/0mgr_next_dist_compiled_react-dom_0tn~.m7._.js:4956:40)
    at Object.useSyncExternalStore (http://localhost:3000/_next/static/chunks/0mgr_next_dist_compiled_react-dom_0tn~.m7._.js:15514:20)
    at exports.useSyncExternalStore (http://localhost:3000/_next/static/chunks/0mgr_next_dist_compiled_05ok-pt._.js:1757:36)
    at $e1995378a142960e$var$useCollectionDocument (http://localhost:3000/_next/static/chunks/0mgr_0z-x7bv._.js:4825:22)
    at $e1995378a142960e$export$bf788dd355e3a401 (http://localhost:3000/_next/static/chunks/0mgr_0z-x7bv._.js:4773:58)
    at Object.react_stack_bottom_frame (http://localhost:3000/_next/static/chunks/0mgr_next_dist_compiled_react-dom_0tn~.m7._.js:15037:24)
    at renderWithHooks (http://localhost:3000/_next/static/chunks/0mgr_next_dist_compiled_react-dom_0tn~.m7._.js:4620:24)
    at updateFunctionComponent (http://localhost:3000/_next/static/chunks/0mgr_next_dist_compiled_react-dom_0tn~.m7._.js:6081:21)
    at beginWork (http://localhost:3000/_next/static/chunks/0mgr_next_dist_compiled_react-dom_0tn~.m7._.js:6691:24)
    at runWithFiberInDEV (http://localhost:3000/_next/static/chunks/0mgr_next_dist_compiled_react-dom_0tn~.m7._.js:965:74)
    at performUnitOfWork (http://localhost:3000/_next/static/chunks/0mgr_next_dist_compiled_react-dom_0tn~.m7._.js:9555:97)
    at workLoopSync (http://localhost:3000/_next/static/chunks/0mgr_next_dist_compiled_react-dom_0tn~.m7._.js:9449:40)
    at renderRootSync (http://localhost:3000/_next/static/chunks/0mgr_next_dist_compiled_react-dom_0tn~.m7._.js:9433:13)
    at performWorkOnRoot (http://localhost:3000/_next/static/chunks/0mgr_next_dist_compiled_react-dom_0tn~.m7._.js:9061:186)
    at performSyncWorkOnRoot (http://localhost:3000/_next/static/chunks/0mgr_next_dist_compiled_react-dom_0tn~.m7._.js:10263:9)
    at flushSyncWorkAcrossRoots_impl (http://localhost:3000/_next/static/chunks/0mgr_next_dist_compiled_react-dom_0tn~.m7._.js:10179:316)
    at flushSpawnedWork (http://localhost:3000/_next/static/chunks/0mgr_next_dist_compiled_react-dom_0tn~.m7._.js:9939:13)
    at commitRoot (http://localhost:3000/_next/static/chunks/0mgr_next_dist_compiled_react-dom_0tn~.m7._.js:9746:441)
    at completeRoot (http://localhost:3000/_next/static/chunks/0mgr_next_dist_compiled_react-dom_0tn~.m7._.js:9711:13)
    at completeRootWhenReady (http://localhost:3000/_next/static/chunks/0mgr_next_dist_compiled_react-dom_0tn~.m7._.js:9187:9)
    at performWorkOnRoot (http://localhost:3000/_next/static/chunks/0mgr_next_dist_compiled_react-dom_0tn~.m7._.js:9159:25)
    at performWorkOnRootViaSchedulerTask (http://localhost:3000/_next/static/chunks/0mgr_next_dist_compiled_react-dom_0tn~.m7._.js:10255:9)
    at MessagePort.performWorkUntilDeadline (http://localhost:3000/_next/static/chunks/0mgr_next_dist_compiled_05ok-pt._.js:2647:64)
[   81881ms] Error: A table must have at least one Column with the isRowHeader prop set to true
    at $1910c06f0ca9905e$var$TableCollection.updateColumns (http://localhost:3000/_next/static/chunks/0mgr_react-aria-components_dist_0wj7x_z._.js:896:93)
    at $1910c06f0ca9905e$var$TableCollection.commit (http://localhost:3000/_next/static/chunks/0mgr_react-aria-components_dist_0wj7x_z._.js:861:14)
    at $681cc3c98f569e39$export$b34a105447964f9f.updateCollection (http://localhost:3000/_next/static/chunks/0mgr_0z-x7bv._.js:4613:33)
    at $681cc3c98f569e39$export$b34a105447964f9f.getCollection (http://localhost:3000/_next/static/chunks/0mgr_0z-x7bv._.js:4593:14)
    at http://localhost:3000/_next/static/chunks/0mgr_0z-x7bv._.js:4811:35
    at updateSyncExternalStore (http://localhost:3000/_next/static/chunks/0mgr_next_dist_compiled_react-dom_0tn~.m7._.js:4956:40)
    at Object.useSyncExternalStore (http://localhost:3000/_next/static/chunks/0mgr_next_dist_compiled_react-dom_0tn~.m7._.js:15514:20)
    at exports.useSyncExternalStore (http://localhost:3000/_next/static/chunks/0mgr_next_dist_compiled_05ok-pt._.js:1757:36)
    at $e1995378a142960e$var$useCollectionDocument (http://localhost:3000/_next/static/chunks/0mgr_0z-x7bv._.js:4825:22)
    at $e1995378a142960e$export$bf788dd355e3a401 (http://localhost:3000/_next/static/chunks/0mgr_0z-x7bv._.js:4773:58)
    at Object.react_stack_bottom_frame (http://localhost:3000/_next/static/chunks/0mgr_next_dist_compiled_react-dom_0tn~.m7._.js:15037:24)
    at renderWithHooks (http://localhost:3000/_next/static/chunks/0mgr_next_dist_compiled_react-dom_0tn~.m7._.js:4620:24)
    at updateFunctionComponent (http://localhost:3000/_next/static/chunks/0mgr_next_dist_compiled_react-dom_0tn~.m7._.js:6081:21)
    at beginWork (http://localhost:3000/_next/static/chunks/0mgr_next_dist_compiled_react-dom_0tn~.m7._.js:6691:24)
    at runWithFiberInDEV (http://localhost:3000/_next/static/chunks/0mgr_next_dist_compiled_react-dom_0tn~.m7._.js:965:74)
    at performUnitOfWork (http://localhost:3000/_next/static/chunks/0mgr_next_dist_compiled_react-dom_0tn~.m7._.js:9555:97)
    at workLoopSync (http://localhost:3000/_next/static/chunks/0mgr_next_dist_compiled_react-dom_0tn~.m7._.js:9449:40)
    at renderRootSync (http://localhost:3000/_next/static/chunks/0mgr_next_dist_compiled_react-dom_0tn~.m7._.js:9433:13)
    at performWorkOnRoot (http://localhost:3000/_next/static/chunks/0mgr_next_dist_compiled_react-dom_0tn~.m7._.js:9061:186)
    at performSyncWorkOnRoot (http://localhost:3000/_next/static/chunks/0mgr_next_dist_compiled_react-dom_0tn~.m7._.js:10263:9)
    at flushSyncWorkAcrossRoots_impl (http://localhost:3000/_next/static/chunks/0mgr_next_dist_compiled_react-dom_0tn~.m7._.js:10179:316)
    at flushSpawnedWork (http://localhost:3000/_next/static/chunks/0mgr_next_dist_compiled_react-dom_0tn~.m7._.js:9939:13)
    at commitRoot (http://localhost:3000/_next/static/chunks/0mgr_next_dist_compiled_react-dom_0tn~.m7._.js:9746:441)
    at completeRoot (http://localhost:3000/_next/static/chunks/0mgr_next_dist_compiled_react-dom_0tn~.m7._.js:9711:13)
    at completeRootWhenReady (http://localhost:3000/_next/static/chunks/0mgr_next_dist_compiled_react-dom_0tn~.m7._.js:9187:9)
    at performWorkOnRoot (http://localhost:3000/_next/static/chunks/0mgr_next_dist_compiled_react-dom_0tn~.m7._.js:9159:25)
    at performWorkOnRootViaSchedulerTask (http://localhost:3000/_next/static/chunks/0mgr_next_dist_compiled_react-dom_0tn~.m7._.js:10255:9)
    at MessagePort.performWorkUntilDeadline (http://localhost:3000/_next/static/chunks/0mgr_next_dist_compiled_05ok-pt._.js:2647:64)
[   81882ms] Error: A table must have at least one Column with the isRowHeader prop set to true
    at $1910c06f0ca9905e$var$TableCollection.updateColumns (http://localhost:3000/_next/static/chunks/0mgr_react-aria-components_dist_0wj7x_z._.js:896:93)
    at $1910c06f0ca9905e$var$TableCollection.commit (http://localhost:3000/_next/static/chunks/0mgr_react-aria-components_dist_0wj7x_z._.js:861:14)
    at $681cc3c98f569e39$export$b34a105447964f9f.updateCollection (http://localhost:3000/_next/static/chunks/0mgr_0z-x7bv._.js:4613:33)
    at $681cc3c98f569e39$export$b34a105447964f9f.getCollection (http://localhost:3000/_next/static/chunks/0mgr_0z-x7bv._.js:4593:14)
    at http://localhost:3000/_next/static/chunks/0mgr_0z-x7bv._.js:4811:35
    at updateSyncExternalStore (http://localhost:3000/_next/static/chunks/0mgr_next_dist_compiled_react-dom_0tn~.m7._.js:4956:40)
    at Object.useSyncExternalStore (http://localhost:3000/_next/static/chunks/0mgr_next_dist_compiled_react-dom_0tn~.m7._.js:15514:20)
    at exports.useSyncExternalStore (http://localhost:3000/_next/static/chunks/0mgr_next_dist_compiled_05ok-pt._.js:1757:36)
    at $e1995378a142960e$var$useCollectionDocument (http://localhost:3000/_next/static/chunks/0mgr_0z-x7bv._.js:4825:22)
    at $e1995378a142960e$export$bf788dd355e3a401 (http://localhost:3000/_next/static/chunks/0mgr_0z-x7bv._.js:4773:58)
    at Object.react_stack_bottom_frame (http://localhost:3000/_next/static/chunks/0mgr_next_dist_compiled_react-dom_0tn~.m7._.js:15037:24)
    at renderWithHooks (http://localhost:3000/_next/static/chunks/0mgr_next_dist_compiled_react-dom_0tn~.m7._.js:4620:24)
    at updateFunctionComponent (http://localhost:3000/_next/static/chunks/0mgr_next_dist_compiled_react-dom_0tn~.m7._.js:6081:21)
    at beginWork (http://localhost:3000/_next/static/chunks/0mgr_next_dist_compiled_react-dom_0tn~.m7._.js:6691:24)
    at runWithFiberInDEV (http://localhost:3000/_next/static/chunks/0mgr_next_dist_compiled_react-dom_0tn~.m7._.js:965:74)
    at performUnitOfWork (http://localhost:3000/_next/static/chunks/0mgr_next_dist_compiled_react-dom_0tn~.m7._.js:9555:97)
    at workLoopSync (http://localhost:3000/_next/static/chunks/0mgr_next_dist_compiled_react-dom_0tn~.m7._.js:9449:40)
    at renderRootSync (http://localhost:3000/_next/static/chunks/0mgr_next_dist_compiled_react-dom_0tn~.m7._.js:9433:13)
    at performWorkOnRoot (http://localhost:3000/_next/static/chunks/0mgr_next_dist_compiled_react-dom_0tn~.m7._.js:9061:186)
    at performSyncWorkOnRoot (http://localhost:3000/_next/static/chunks/0mgr_next_dist_compiled_react-dom_0tn~.m7._.js:10263:9)
    at flushSyncWorkAcrossRoots_impl (http://localhost:3000/_next/static/chunks/0mgr_next_dist_compiled_react-dom_0tn~.m7._.js:10179:316)
    at flushSpawnedWork (http://localhost:3000/_next/static/chunks/0mgr_next_dist_compiled_react-dom_0tn~.m7._.js:9939:13)
    at commitRoot (http://localhost:3000/_next/static/chunks/0mgr_next_dist_compiled_react-dom_0tn~.m7._.js:9746:441)
    at completeRoot (http://localhost:3000/_next/static/chunks/0mgr_next_dist_compiled_react-dom_0tn~.m7._.js:9711:13)
    at completeRootWhenReady (http://localhost:3000/_next/static/chunks/0mgr_next_dist_compiled_react-dom_0tn~.m7._.js:9187:9)
    at performWorkOnRoot (http://localhost:3000/_next/static/chunks/0mgr_next_dist_compiled_react-dom_0tn~.m7._.js:9159:25)
    at performWorkOnRootViaSchedulerTask (http://localhost:3000/_next/static/chunks/0mgr_next_dist_compiled_react-dom_0tn~.m7._.js:10255:9)
    at MessagePort.performWorkUntilDeadline (http://localhost:3000/_next/static/chunks/0mgr_next_dist_compiled_05ok-pt._.js:2647:64)
[   81882ms] Error: A table must have at least one Column with the isRowHeader prop set to true
    at $1910c06f0ca9905e$var$TableCollection.updateColumns (http://localhost:3000/_next/static/chunks/0mgr_react-aria-components_dist_0wj7x_z._.js:896:93)
    at $1910c06f0ca9905e$var$TableCollection.commit (http://localhost:3000/_next/static/chunks/0mgr_react-aria-components_dist_0wj7x_z._.js:861:14)
    at $681cc3c98f569e39$export$b34a105447964f9f.updateCollection (http://localhost:3000/_next/static/chunks/0mgr_0z-x7bv._.js:4613:33)
    at $681cc3c98f569e39$export$b34a105447964f9f.getCollection (http://localhost:3000/_next/static/chunks/0mgr_0z-x7bv._.js:4593:14)
    at http://localhost:3000/_next/static/chunks/0mgr_0z-x7bv._.js:4811:35
    at updateSyncExternalStore (http://localhost:3000/_next/static/chunks/0mgr_next_dist_compiled_react-dom_0tn~.m7._.js:4956:40)
    at Object.useSyncExternalStore (http://localhost:3000/_next/static/chunks/0mgr_next_dist_compiled_react-dom_0tn~.m7._.js:15514:20)
    at exports.useSyncExternalStore (http://localhost:3000/_next/static/chunks/0mgr_next_dist_compiled_05ok-pt._.js:1757:36)
    at $e1995378a142960e$var$useCollectionDocument (http://localhost:3000/_next/static/chunks/0mgr_0z-x7bv._.js:4825:22)
    at $e1995378a142960e$export$bf788dd355e3a401 (http://localhost:3000/_next/static/chunks/0mgr_0z-x7bv._.js:4773:58)
    at Object.react_stack_bottom_frame (http://localhost:3000/_next/static/chunks/0mgr_next_dist_compiled_react-dom_0tn~.m7._.js:15037:24)
    at renderWithHooks (http://localhost:3000/_next/static/chunks/0mgr_next_dist_compiled_react-dom_0tn~.m7._.js:4620:24)
    at updateFunctionComponent (http://localhost:3000/_next/static/chunks/0mgr_next_dist_compiled_react-dom_0tn~.m7._.js:6081:21)
    at beginWork (http://localhost:3000/_next/static/chunks/0mgr_next_dist_compiled_react-dom_0tn~.m7._.js:6691:24)
    at runWithFiberInDEV (http://localhost:3000/_next/static/chunks/0mgr_next_dist_compiled_react-dom_0tn~.m7._.js:965:74)
    at performUnitOfWork (http://localhost:3000/_next/static/chunks/0mgr_next_dist_compiled_react-dom_0tn~.m7._.js:9555:97)
    at workLoopSync (http://localhost:3000/_next/static/chunks/0mgr_next_dist_compiled_react-dom_0tn~.m7._.js:9449:40)
    at renderRootSync (http://localhost:3000/_next/static/chunks/0mgr_next_dist_compiled_react-dom_0tn~.m7._.js:9433:13)
    at performWorkOnRoot (http://localhost:3000/_next/static/chunks/0mgr_next_dist_compiled_react-dom_0tn~.m7._.js:9061:186)
    at performSyncWorkOnRoot (http://localhost:3000/_next/static/chunks/0mgr_next_dist_compiled_react-dom_0tn~.m7._.js:10263:9)
    at flushSyncWorkAcrossRoots_impl (http://localhost:3000/_next/static/chunks/0mgr_next_dist_compiled_react-dom_0tn~.m7._.js:10179:316)
    at flushSpawnedWork (http://localhost:3000/_next/static/chunks/0mgr_next_dist_compiled_react-dom_0tn~.m7._.js:9939:13)
    at commitRoot (http://localhost:3000/_next/static/chunks/0mgr_next_dist_compiled_react-dom_0tn~.m7._.js:9746:441)
    at completeRoot (http://localhost:3000/_next/static/chunks/0mgr_next_dist_compiled_react-dom_0tn~.m7._.js:9711:13)
    at completeRootWhenReady (http://localhost:3000/_next/static/chunks/0mgr_next_dist_compiled_react-dom_0tn~.m7._.js:9187:9)
    at performWorkOnRoot (http://localhost:3000/_next/static/chunks/0mgr_next_dist_compiled_react-dom_0tn~.m7._.js:9159:25)
    at performWorkOnRootViaSchedulerTask (http://localhost:3000/_next/static/chunks/0mgr_next_dist_compiled_react-dom_0tn~.m7._.js:10255:9)
    at MessagePort.performWorkUntilDeadline (http://localhost:3000/_next/static/chunks/0mgr_next_dist_compiled_05ok-pt._.js:2647:64)
[   81882ms] Error: A table must have at least one Column with the isRowHeader prop set to true
    at $1910c06f0ca9905e$var$TableCollection.updateColumns (http://localhost:3000/_next/static/chunks/0mgr_react-aria-components_dist_0wj7x_z._.js:896:93)
    at $1910c06f0ca9905e$var$TableCollection.commit (http://localhost:3000/_next/static/chunks/0mgr_react-aria-components_dist_0wj7x_z._.js:861:14)
    at $681cc3c98f569e39$export$b34a105447964f9f.updateCollection (http://localhost:3000/_next/static/chunks/0mgr_0z-x7bv._.js:4613:33)
    at $681cc3c98f569e39$export$b34a105447964f9f.getCollection (http://localhost:3000/_next/static/chunks/0mgr_0z-x7bv._.js:4593:14)
    at http://localhost:3000/_next/static/chunks/0mgr_0z-x7bv._.js:4811:35
    at updateSyncExternalStore (http://localhost:3000/_next/static/chunks/0mgr_next_dist_compiled_react-dom_0tn~.m7._.js:4956:40)
    at Object.useSyncExternalStore (http://localhost:3000/_next/static/chunks/0mgr_next_dist_compiled_react-dom_0tn~.m7._.js:15514:20)
    at exports.useSyncExternalStore (http://localhost:3000/_next/static/chunks/0mgr_next_dist_compiled_05ok-pt._.js:1757:36)
    at $e1995378a142960e$var$useCollectionDocument (http://localhost:3000/_next/static/chunks/0mgr_0z-x7bv._.js:4825:22)
    at $e1995378a142960e$export$bf788dd355e3a401 (http://localhost:3000/_next/static/chunks/0mgr_0z-x7bv._.js:4773:58)
    at Object.react_stack_bottom_frame (http://localhost:3000/_next/static/chunks/0mgr_next_dist_compiled_react-dom_0tn~.m7._.js:15037:24)
    at renderWithHooks (http://localhost:3000/_next/static/chunks/0mgr_next_dist_compiled_react-dom_0tn~.m7._.js:4620:24)
    at updateFunctionComponent (http://localhost:3000/_next/static/chunks/0mgr_next_dist_compiled_react-dom_0tn~.m7._.js:6081:21)
    at beginWork (http://localhost:3000/_next/static/chunks/0mgr_next_dist_compiled_react-dom_0tn~.m7._.js:6691:24)
    at runWithFiberInDEV (http://localhost:3000/_next/static/chunks/0mgr_next_dist_compiled_react-dom_0tn~.m7._.js:965:74)
    at performUnitOfWork (http://localhost:3000/_next/static/chunks/0mgr_next_dist_compiled_react-dom_0tn~.m7._.js:9555:97)
    at workLoopSync (http://localhost:3000/_next/static/chunks/0mgr_next_dist_compiled_react-dom_0tn~.m7._.js:9449:40)
    at renderRootSync (http://localhost:3000/_next/static/chunks/0mgr_next_dist_compiled_react-dom_0tn~.m7._.js:9433:13)
    at performWorkOnRoot (http://localhost:3000/_next/static/chunks/0mgr_next_dist_compiled_react-dom_0tn~.m7._.js:9061:186)
    at performSyncWorkOnRoot (http://localhost:3000/_next/static/chunks/0mgr_next_dist_compiled_react-dom_0tn~.m7._.js:10263:9)
    at flushSyncWorkAcrossRoots_impl (http://localhost:3000/_next/static/chunks/0mgr_next_dist_compiled_react-dom_0tn~.m7._.js:10179:316)
    at flushSpawnedWork (http://localhost:3000/_next/static/chunks/0mgr_next_dist_compiled_react-dom_0tn~.m7._.js:9939:13)
    at commitRoot (http://localhost:3000/_next/static/chunks/0mgr_next_dist_compiled_react-dom_0tn~.m7._.js:9746:441)
    at completeRoot (http://localhost:3000/_next/static/chunks/0mgr_next_dist_compiled_react-dom_0tn~.m7._.js:9711:13)
    at completeRootWhenReady (http://localhost:3000/_next/static/chunks/0mgr_next_dist_compiled_react-dom_0tn~.m7._.js:9187:9)
    at performWorkOnRoot (http://localhost:3000/_next/static/chunks/0mgr_next_dist_compiled_react-dom_0tn~.m7._.js:9159:25)
    at performWorkOnRootViaSchedulerTask (http://localhost:3000/_next/static/chunks/0mgr_next_dist_compiled_react-dom_0tn~.m7._.js:10255:9)
    at MessagePort.performWorkUntilDeadline (http://localhost:3000/_next/static/chunks/0mgr_next_dist_compiled_05ok-pt._.js:2647:64)
[   81883ms] Error: A table must have at least one Column with the isRowHeader prop set to true
    at $1910c06f0ca9905e$var$TableCollection.updateColumns (http://localhost:3000/_next/static/chunks/0mgr_react-aria-components_dist_0wj7x_z._.js:896:93)
    at $1910c06f0ca9905e$var$TableCollection.commit (http://localhost:3000/_next/static/chunks/0mgr_react-aria-components_dist_0wj7x_z._.js:861:14)
    at $681cc3c98f569e39$export$b34a105447964f9f.updateCollection (http://localhost:3000/_next/static/chunks/0mgr_0z-x7bv._.js:4613:33)
    at $681cc3c98f569e39$export$b34a105447964f9f.getCollection (http://localhost:3000/_next/static/chunks/0mgr_0z-x7bv._.js:4593:14)
    at http://localhost:3000/_next/static/chunks/0mgr_0z-x7bv._.js:4811:35
    at updateSyncExternalStore (http://localhost:3000/_next/static/chunks/0mgr_next_dist_compiled_react-dom_0tn~.m7._.js:4956:40)
    at Object.useSyncExternalStore (http://localhost:3000/_next/static/chunks/0mgr_next_dist_compiled_react-dom_0tn~.m7._.js:15514:20)
    at exports.useSyncExternalStore (http://localhost:3000/_next/static/chunks/0mgr_next_dist_compiled_05ok-pt._.js:1757:36)
    at $e1995378a142960e$var$useCollectionDocument (http://localhost:3000/_next/static/chunks/0mgr_0z-x7bv._.js:4825:22)
    at $e1995378a142960e$export$bf788dd355e3a401 (http://localhost:3000/_next/static/chunks/0mgr_0z-x7bv._.js:4773:58)
    at Object.react_stack_bottom_frame (http://localhost:3000/_next/static/chunks/0mgr_next_dist_compiled_react-dom_0tn~.m7._.js:15037:24)
    at renderWithHooks (http://localhost:3000/_next/static/chunks/0mgr_next_dist_compiled_react-dom_0tn~.m7._.js:4620:24)
    at updateFunctionComponent (http://localhost:3000/_next/static/chunks/0mgr_next_dist_compiled_react-dom_0tn~.m7._.js:6081:21)
    at beginWork (http://localhost:3000/_next/static/chunks/0mgr_next_dist_compiled_react-dom_0tn~.m7._.js:6691:24)
    at runWithFiberInDEV (http://localhost:3000/_next/static/chunks/0mgr_next_dist_compiled_react-dom_0tn~.m7._.js:965:74)
    at performUnitOfWork (http://localhost:3000/_next/static/chunks/0mgr_next_dist_compiled_react-dom_0tn~.m7._.js:9555:97)
    at workLoopSync (http://localhost:3000/_next/static/chunks/0mgr_next_dist_compiled_react-dom_0tn~.m7._.js:9449:40)
    at renderRootSync (http://localhost:3000/_next/static/chunks/0mgr_next_dist_compiled_react-dom_0tn~.m7._.js:9433:13)
    at performWorkOnRoot (http://localhost:3000/_next/static/chunks/0mgr_next_dist_compiled_react-dom_0tn~.m7._.js:9061:186)
    at performSyncWorkOnRoot (http://localhost:3000/_next/static/chunks/0mgr_next_dist_compiled_react-dom_0tn~.m7._.js:10263:9)
    at flushSyncWorkAcrossRoots_impl (http://localhost:3000/_next/static/chunks/0mgr_next_dist_compiled_react-dom_0tn~.m7._.js:10179:316)
    at flushSpawnedWork (http://localhost:3000/_next/static/chunks/0mgr_next_dist_compiled_react-dom_0tn~.m7._.js:9939:13)
    at commitRoot (http://localhost:3000/_next/static/chunks/0mgr_next_dist_compiled_react-dom_0tn~.m7._.js:9746:441)
    at completeRoot (http://localhost:3000/_next/static/chunks/0mgr_next_dist_compiled_react-dom_0tn~.m7._.js:9711:13)
    at completeRootWhenReady (http://localhost:3000/_next/static/chunks/0mgr_next_dist_compiled_react-dom_0tn~.m7._.js:9187:9)
    at performWorkOnRoot (http://localhost:3000/_next/static/chunks/0mgr_next_dist_compiled_react-dom_0tn~.m7._.js:9159:25)
    at performWorkOnRootViaSchedulerTask (http://localhost:3000/_next/static/chunks/0mgr_next_dist_compiled_react-dom_0tn~.m7._.js:10255:9)
    at MessagePort.performWorkUntilDeadline (http://localhost:3000/_next/static/chunks/0mgr_next_dist_compiled_05ok-pt._.js:2647:64)
[   81913ms] [LOG] [Fast Refresh] rebuilding @ http://localhost:3000/_next/static/chunks/0mgr_next_dist_12dcj3y._.js:2431
[   81915ms] [WARNING] [Fast Refresh] performing full reload because your application had an unrecoverable error @ http://localhost:3000/_next/static/chunks/0mgr_next_dist_12dcj3y._.js:2431
[   81916ms] [WARNING] Account with ID caitlyn not found in <NavAccountCard /> @ http://localhost:3000/_next/static/chunks/0mgr_next_dist_12dcj3y._.js:2431
[   81916ms] [WARNING] Account with ID caitlyn not found in <NavAccountCard /> @ http://localhost:3000/_next/static/chunks/0mgr_next_dist_12dcj3y._.js:2431
[   81917ms] [LOG] [Fast Refresh] done in 3ms @ http://localhost:3000/_next/static/chunks/0mgr_next_dist_12dcj3y._.js:2431
[   82012ms] [INFO] %cDownload the React DevTools for a better development experience: https://react.dev/link/react-devtools font-weight:bold @ http://localhost:3000/_next/static/chunks/0mgr_next_dist_12dcj3y._.js:2431
[   82020ms] [LOG] [HMR] connected @ http://localhost:3000/_next/static/chunks/0mgr_next_dist_12dcj3y._.js:2431
[   82071ms] [WARNING] Account with ID caitlyn not found in <NavAccountCard /> @ http://localhost:3000/_next/static/chunks/0mgr_next_dist_12dcj3y._.js:2431
[   82071ms] [WARNING] Account with ID caitlyn not found in <NavAccountCard /> @ http://localhost:3000/_next/static/chunks/0mgr_next_dist_12dcj3y._.js:2431
[   82078ms] [ERROR] Encountered a script tag while rendering React component. Scripts inside React components are never executed when rendering on the client. Consider using template tag instead (https://developer.mozilla.org/en-US/docs/Web/HTML/Element/template). @ http://localhost:3000/_next/static/chunks/0mgr_next_dist_12dcj3y._.js:3272
[   82091ms] [WARNING] Account with ID caitlyn not found in <NavAccountCard /> @ http://localhost:3000/_next/static/chunks/0mgr_next_dist_12dcj3y._.js:2431
[   82091ms] [WARNING] Account with ID caitlyn not found in <NavAccountCard /> @ http://localhost:3000/_next/static/chunks/0mgr_next_dist_12dcj3y._.js:2431
[   82129ms] Error: Hydration failed because the server rendered HTML didn't match the client. As a result this tree will be regenerated on the client. This can happen if a SSR-ed Client Component used:

- A server/client branch `if (typeof window !== 'undefined')`.
- Variable input such as `Date.now()` or `Math.random()` which changes each time it's called.
- Date formatting in a user's locale which doesn't match the server.
- External changing data without sending a snapshot of it along with the HTML.
- Invalid HTML tag nesting.

It can also happen if the client has a browser extension installed which messes with the HTML before React loaded.

https://react.dev/link/hydration-mismatch

  ...
    <RedirectBoundary>
      <RedirectErrorBoundary router={{...}}>
        <InnerLayoutRouter url="/tenants" tree={[...]} params={{...}} cacheNode={{rsc:{...}, ...}} segmentPath={[...]} ...>
          <SegmentViewNode type="layout" pagePath="[objectSlu...">
            <SegmentTrieNode>
            <script>
            <script>
            <script>
            <script>
            <script>
            <script>
            <script>
            <script>
            <ClientSegmentRoot Component={function ObjectLayout} slots={{children:{...}}} ...>
              <ObjectLayout params={Promise}>
                <CommandPaletteProvider>
                  <div className="flex min-h...">
                    <AppSidebar objects={[...]} activeUrl="/tenants" loading={true} isMobileOpen={false} ...>
                      <SidebarNavigationEntity activeUrl="/tenants" entityItems={[...]} footerItems={[...]} ...>
                        <MobileNavigationHeader>
                        <div className="hidden lg:...">
                          <aside style={{--width:"2..."}} className="flex h-ful...">
                            <div>
                            <div>
                            <div>
                            <div className="mt-auto fl...">
-                             <div
-                               className="relative flex items-center gap-3 rounded-xl p-3 ring-1 ring-secondary ring-..."
-                             >
                        ...
                    ...
                  ...
        ...

    at throwOnHydrationMismatch (http://localhost:3000/_next/static/chunks/0mgr_next_dist_compiled_react-dom_0tn~.m7._.js:3318:56)
    at popHydrationState (http://localhost:3000/_next/static/chunks/0mgr_next_dist_compiled_react-dom_0tn~.m7._.js:3403:13)
    at completeWork (http://localhost:3000/_next/static/chunks/0mgr_next_dist_compiled_react-dom_0tn~.m7._.js:6922:25)
    at runWithFiberInDEV (http://localhost:3000/_next/static/chunks/0mgr_next_dist_compiled_react-dom_0tn~.m7._.js:965:74)
    at completeUnitOfWork (http://localhost:3000/_next/static/chunks/0mgr_next_dist_compiled_react-dom_0tn~.m7._.js:9622:23)
    at performUnitOfWork (http://localhost:3000/_next/static/chunks/0mgr_next_dist_compiled_react-dom_0tn~.m7._.js:9557:28)
    at workLoopConcurrentByScheduler (http://localhost:3000/_next/static/chunks/0mgr_next_dist_compiled_react-dom_0tn~.m7._.js:9551:58)
    at renderRootConcurrent (http://localhost:3000/_next/static/chunks/0mgr_next_dist_compiled_react-dom_0tn~.m7._.js:9534:71)
    at performWorkOnRoot (http://localhost:3000/_next/static/chunks/0mgr_next_dist_compiled_react-dom_0tn~.m7._.js:9061:150)
    at performWorkOnRootViaSchedulerTask (http://localhost:3000/_next/static/chunks/0mgr_next_dist_compiled_react-dom_0tn~.m7._.js:10255:9)
    at MessagePort.performWorkUntilDeadline (http://localhost:3000/_next/static/chunks/0mgr_next_dist_compiled_05ok-pt._.js:2647:64)
[   83637ms] [WARNING] Account with ID caitlyn not found in <NavAccountCard /> @ http://localhost:3000/_next/static/chunks/0mgr_next_dist_12dcj3y._.js:2431
[   83637ms] [WARNING] Account with ID caitlyn not found in <NavAccountCard /> @ http://localhost:3000/_next/static/chunks/0mgr_next_dist_12dcj3y._.js:2431
[   84928ms] Error: A table must have at least one Column with the isRowHeader prop set to true
    at $1910c06f0ca9905e$var$TableCollection.updateColumns (http://localhost:3000/_next/static/chunks/0mgr_react-aria-components_dist_0wj7x_z._.js:896:93)
    at $1910c06f0ca9905e$var$TableCollection.commit (http://localhost:3000/_next/static/chunks/0mgr_react-aria-components_dist_0wj7x_z._.js:861:14)
    at $681cc3c98f569e39$export$b34a105447964f9f.updateCollection (http://localhost:3000/_next/static/chunks/0mgr_0z-x7bv._.js:4613:33)
    at $681cc3c98f569e39$export$b34a105447964f9f.getCollection (http://localhost:3000/_next/static/chunks/0mgr_0z-x7bv._.js:4593:14)
    at http://localhost:3000/_next/static/chunks/0mgr_0z-x7bv._.js:4811:35
    at updateSyncExternalStore (http://localhost:3000/_next/static/chunks/0mgr_next_dist_compiled_react-dom_0tn~.m7._.js:4956:40)
    at Object.useSyncExternalStore (http://localhost:3000/_next/static/chunks/0mgr_next_dist_compiled_react-dom_0tn~.m7._.js:15514:20)
    at exports.useSyncExternalStore (http://localhost:3000/_next/static/chunks/0mgr_next_dist_compiled_05ok-pt._.js:1757:36)
    at $e1995378a142960e$var$useCollectionDocument (http://localhost:3000/_next/static/chunks/0mgr_0z-x7bv._.js:4825:22)
    at $e1995378a142960e$export$bf788dd355e3a401 (http://localhost:3000/_next/static/chunks/0mgr_0z-x7bv._.js:4773:58)
    at Object.react_stack_bottom_frame (http://localhost:3000/_next/static/chunks/0mgr_next_dist_compiled_react-dom_0tn~.m7._.js:15037:24)
    at renderWithHooks (http://localhost:3000/_next/static/chunks/0mgr_next_dist_compiled_react-dom_0tn~.m7._.js:4620:24)
    at updateFunctionComponent (http://localhost:3000/_next/static/chunks/0mgr_next_dist_compiled_react-dom_0tn~.m7._.js:6081:21)
    at beginWork (http://localhost:3000/_next/static/chunks/0mgr_next_dist_compiled_react-dom_0tn~.m7._.js:6691:24)
    at runWithFiberInDEV (http://localhost:3000/_next/static/chunks/0mgr_next_dist_compiled_react-dom_0tn~.m7._.js:965:74)
    at performUnitOfWork (http://localhost:3000/_next/static/chunks/0mgr_next_dist_compiled_react-dom_0tn~.m7._.js:9555:97)
    at workLoopSync (http://localhost:3000/_next/static/chunks/0mgr_next_dist_compiled_react-dom_0tn~.m7._.js:9449:40)
    at renderRootSync (http://localhost:3000/_next/static/chunks/0mgr_next_dist_compiled_react-dom_0tn~.m7._.js:9433:13)
    at performWorkOnRoot (http://localhost:3000/_next/static/chunks/0mgr_next_dist_compiled_react-dom_0tn~.m7._.js:9061:186)
    at performSyncWorkOnRoot (http://localhost:3000/_next/static/chunks/0mgr_next_dist_compiled_react-dom_0tn~.m7._.js:10263:9)
    at flushSyncWorkAcrossRoots_impl (http://localhost:3000/_next/static/chunks/0mgr_next_dist_compiled_react-dom_0tn~.m7._.js:10179:316)
    at flushSpawnedWork (http://localhost:3000/_next/static/chunks/0mgr_next_dist_compiled_react-dom_0tn~.m7._.js:9939:13)
    at commitRoot (http://localhost:3000/_next/static/chunks/0mgr_next_dist_compiled_react-dom_0tn~.m7._.js:9746:441)
    at completeRoot (http://localhost:3000/_next/static/chunks/0mgr_next_dist_compiled_react-dom_0tn~.m7._.js:9711:13)
    at completeRootWhenReady (http://localhost:3000/_next/static/chunks/0mgr_next_dist_compiled_react-dom_0tn~.m7._.js:9187:9)
    at performWorkOnRoot (http://localhost:3000/_next/static/chunks/0mgr_next_dist_compiled_react-dom_0tn~.m7._.js:9159:25)
    at performWorkOnRootViaSchedulerTask (http://localhost:3000/_next/static/chunks/0mgr_next_dist_compiled_react-dom_0tn~.m7._.js:10255:9)
    at MessagePort.performWorkUntilDeadline (http://localhost:3000/_next/static/chunks/0mgr_next_dist_compiled_05ok-pt._.js:2647:64)
[   84928ms] Error: A table must have at least one Column with the isRowHeader prop set to true
    at $1910c06f0ca9905e$var$TableCollection.updateColumns (http://localhost:3000/_next/static/chunks/0mgr_react-aria-components_dist_0wj7x_z._.js:896:93)
    at $1910c06f0ca9905e$var$TableCollection.commit (http://localhost:3000/_next/static/chunks/0mgr_react-aria-components_dist_0wj7x_z._.js:861:14)
    at $681cc3c98f569e39$export$b34a105447964f9f.updateCollection (http://localhost:3000/_next/static/chunks/0mgr_0z-x7bv._.js:4613:33)
    at $681cc3c98f569e39$export$b34a105447964f9f.getCollection (http://localhost:3000/_next/static/chunks/0mgr_0z-x7bv._.js:4593:14)
    at http://localhost:3000/_next/static/chunks/0mgr_0z-x7bv._.js:4811:35
    at updateSyncExternalStore (http://localhost:3000/_next/static/chunks/0mgr_next_dist_compiled_react-dom_0tn~.m7._.js:4956:40)
    at Object.useSyncExternalStore (http://localhost:3000/_next/static/chunks/0mgr_next_dist_compiled_react-dom_0tn~.m7._.js:15514:20)
    at exports.useSyncExternalStore (http://localhost:3000/_next/static/chunks/0mgr_next_dist_compiled_05ok-pt._.js:1757:36)
    at $e1995378a142960e$var$useCollectionDocument (http://localhost:3000/_next/static/chunks/0mgr_0z-x7bv._.js:4825:22)
    at $e1995378a142960e$export$bf788dd355e3a401 (http://localhost:3000/_next/static/chunks/0mgr_0z-x7bv._.js:4773:58)
    at Object.react_stack_bottom_frame (http://localhost:3000/_next/static/chunks/0mgr_next_dist_compiled_react-dom_0tn~.m7._.js:15037:24)
    at renderWithHooks (http://localhost:3000/_next/static/chunks/0mgr_next_dist_compiled_react-dom_0tn~.m7._.js:4620:24)
    at updateFunctionComponent (http://localhost:3000/_next/static/chunks/0mgr_next_dist_compiled_react-dom_0tn~.m7._.js:6081:21)
    at beginWork (http://localhost:3000/_next/static/chunks/0mgr_next_dist_compiled_react-dom_0tn~.m7._.js:6691:24)
    at runWithFiberInDEV (http://localhost:3000/_next/static/chunks/0mgr_next_dist_compiled_react-dom_0tn~.m7._.js:965:74)
    at performUnitOfWork (http://localhost:3000/_next/static/chunks/0mgr_next_dist_compiled_react-dom_0tn~.m7._.js:9555:97)
    at workLoopSync (http://localhost:3000/_next/static/chunks/0mgr_next_dist_compiled_react-dom_0tn~.m7._.js:9449:40)
    at renderRootSync (http://localhost:3000/_next/static/chunks/0mgr_next_dist_compiled_react-dom_0tn~.m7._.js:9433:13)
    at performWorkOnRoot (http://localhost:3000/_next/static/chunks/0mgr_next_dist_compiled_react-dom_0tn~.m7._.js:9061:186)
    at performSyncWorkOnRoot (http://localhost:3000/_next/static/chunks/0mgr_next_dist_compiled_react-dom_0tn~.m7._.js:10263:9)
    at flushSyncWorkAcrossRoots_impl (http://localhost:3000/_next/static/chunks/0mgr_next_dist_compiled_react-dom_0tn~.m7._.js:10179:316)
    at flushSpawnedWork (http://localhost:3000/_next/static/chunks/0mgr_next_dist_compiled_react-dom_0tn~.m7._.js:9939:13)
    at commitRoot (http://localhost:3000/_next/static/chunks/0mgr_next_dist_compiled_react-dom_0tn~.m7._.js:9746:441)
    at completeRoot (http://localhost:3000/_next/static/chunks/0mgr_next_dist_compiled_react-dom_0tn~.m7._.js:9711:13)
    at completeRootWhenReady (http://localhost:3000/_next/static/chunks/0mgr_next_dist_compiled_react-dom_0tn~.m7._.js:9187:9)
    at performWorkOnRoot (http://localhost:3000/_next/static/chunks/0mgr_next_dist_compiled_react-dom_0tn~.m7._.js:9159:25)
    at performWorkOnRootViaSchedulerTask (http://localhost:3000/_next/static/chunks/0mgr_next_dist_compiled_react-dom_0tn~.m7._.js:10255:9)
    at MessagePort.performWorkUntilDeadline (http://localhost:3000/_next/static/chunks/0mgr_next_dist_compiled_05ok-pt._.js:2647:64)
[   84928ms] Error: A table must have at least one Column with the isRowHeader prop set to true
    at $1910c06f0ca9905e$var$TableCollection.updateColumns (http://localhost:3000/_next/static/chunks/0mgr_react-aria-components_dist_0wj7x_z._.js:896:93)
    at $1910c06f0ca9905e$var$TableCollection.commit (http://localhost:3000/_next/static/chunks/0mgr_react-aria-components_dist_0wj7x_z._.js:861:14)
    at $681cc3c98f569e39$export$b34a105447964f9f.updateCollection (http://localhost:3000/_next/static/chunks/0mgr_0z-x7bv._.js:4613:33)
    at $681cc3c98f569e39$export$b34a105447964f9f.getCollection (http://localhost:3000/_next/static/chunks/0mgr_0z-x7bv._.js:4593:14)
    at http://localhost:3000/_next/static/chunks/0mgr_0z-x7bv._.js:4811:35
    at updateSyncExternalStore (http://localhost:3000/_next/static/chunks/0mgr_next_dist_compiled_react-dom_0tn~.m7._.js:4956:40)
    at Object.useSyncExternalStore (http://localhost:3000/_next/static/chunks/0mgr_next_dist_compiled_react-dom_0tn~.m7._.js:15514:20)
    at exports.useSyncExternalStore (http://localhost:3000/_next/static/chunks/0mgr_next_dist_compiled_05ok-pt._.js:1757:36)
    at $e1995378a142960e$var$useCollectionDocument (http://localhost:3000/_next/static/chunks/0mgr_0z-x7bv._.js:4825:22)
    at $e1995378a142960e$export$bf788dd355e3a401 (http://localhost:3000/_next/static/chunks/0mgr_0z-x7bv._.js:4773:58)
    at Object.react_stack_bottom_frame (http://localhost:3000/_next/static/chunks/0mgr_next_dist_compiled_react-dom_0tn~.m7._.js:15037:24)
    at renderWithHooks (http://localhost:3000/_next/static/chunks/0mgr_next_dist_compiled_react-dom_0tn~.m7._.js:4620:24)
    at updateFunctionComponent (http://localhost:3000/_next/static/chunks/0mgr_next_dist_compiled_react-dom_0tn~.m7._.js:6081:21)
    at beginWork (http://localhost:3000/_next/static/chunks/0mgr_next_dist_compiled_react-dom_0tn~.m7._.js:6691:24)
    at runWithFiberInDEV (http://localhost:3000/_next/static/chunks/0mgr_next_dist_compiled_react-dom_0tn~.m7._.js:965:74)
    at performUnitOfWork (http://localhost:3000/_next/static/chunks/0mgr_next_dist_compiled_react-dom_0tn~.m7._.js:9555:97)
    at workLoopSync (http://localhost:3000/_next/static/chunks/0mgr_next_dist_compiled_react-dom_0tn~.m7._.js:9449:40)
    at renderRootSync (http://localhost:3000/_next/static/chunks/0mgr_next_dist_compiled_react-dom_0tn~.m7._.js:9433:13)
    at performWorkOnRoot (http://localhost:3000/_next/static/chunks/0mgr_next_dist_compiled_react-dom_0tn~.m7._.js:9061:186)
    at performSyncWorkOnRoot (http://localhost:3000/_next/static/chunks/0mgr_next_dist_compiled_react-dom_0tn~.m7._.js:10263:9)
    at flushSyncWorkAcrossRoots_impl (http://localhost:3000/_next/static/chunks/0mgr_next_dist_compiled_react-dom_0tn~.m7._.js:10179:316)
    at flushSpawnedWork (http://localhost:3000/_next/static/chunks/0mgr_next_dist_compiled_react-dom_0tn~.m7._.js:9939:13)
    at commitRoot (http://localhost:3000/_next/static/chunks/0mgr_next_dist_compiled_react-dom_0tn~.m7._.js:9746:441)
    at completeRoot (http://localhost:3000/_next/static/chunks/0mgr_next_dist_compiled_react-dom_0tn~.m7._.js:9711:13)
    at completeRootWhenReady (http://localhost:3000/_next/static/chunks/0mgr_next_dist_compiled_react-dom_0tn~.m7._.js:9187:9)
    at performWorkOnRoot (http://localhost:3000/_next/static/chunks/0mgr_next_dist_compiled_react-dom_0tn~.m7._.js:9159:25)
    at performWorkOnRootViaSchedulerTask (http://localhost:3000/_next/static/chunks/0mgr_next_dist_compiled_react-dom_0tn~.m7._.js:10255:9)
    at MessagePort.performWorkUntilDeadline (http://localhost:3000/_next/static/chunks/0mgr_next_dist_compiled_05ok-pt._.js:2647:64)
[   84929ms] Error: A table must have at least one Column with the isRowHeader prop set to true
    at $1910c06f0ca9905e$var$TableCollection.updateColumns (http://localhost:3000/_next/static/chunks/0mgr_react-aria-components_dist_0wj7x_z._.js:896:93)
    at $1910c06f0ca9905e$var$TableCollection.commit (http://localhost:3000/_next/static/chunks/0mgr_react-aria-components_dist_0wj7x_z._.js:861:14)
    at $681cc3c98f569e39$export$b34a105447964f9f.updateCollection (http://localhost:3000/_next/static/chunks/0mgr_0z-x7bv._.js:4613:33)
    at $681cc3c98f569e39$export$b34a105447964f9f.getCollection (http://localhost:3000/_next/static/chunks/0mgr_0z-x7bv._.js:4593:14)
    at http://localhost:3000/_next/static/chunks/0mgr_0z-x7bv._.js:4811:35
    at updateSyncExternalStore (http://localhost:3000/_next/static/chunks/0mgr_next_dist_compiled_react-dom_0tn~.m7._.js:4956:40)
    at Object.useSyncExternalStore (http://localhost:3000/_next/static/chunks/0mgr_next_dist_compiled_react-dom_0tn~.m7._.js:15514:20)
    at exports.useSyncExternalStore (http://localhost:3000/_next/static/chunks/0mgr_next_dist_compiled_05ok-pt._.js:1757:36)
    at $e1995378a142960e$var$useCollectionDocument (http://localhost:3000/_next/static/chunks/0mgr_0z-x7bv._.js:4825:22)
    at $e1995378a142960e$export$bf788dd355e3a401 (http://localhost:3000/_next/static/chunks/0mgr_0z-x7bv._.js:4773:58)
    at Object.react_stack_bottom_frame (http://localhost:3000/_next/static/chunks/0mgr_next_dist_compiled_react-dom_0tn~.m7._.js:15037:24)
    at renderWithHooks (http://localhost:3000/_next/static/chunks/0mgr_next_dist_compiled_react-dom_0tn~.m7._.js:4620:24)
    at updateFunctionComponent (http://localhost:3000/_next/static/chunks/0mgr_next_dist_compiled_react-dom_0tn~.m7._.js:6081:21)
    at beginWork (http://localhost:3000/_next/static/chunks/0mgr_next_dist_compiled_react-dom_0tn~.m7._.js:6691:24)
    at runWithFiberInDEV (http://localhost:3000/_next/static/chunks/0mgr_next_dist_compiled_react-dom_0tn~.m7._.js:965:74)
    at performUnitOfWork (http://localhost:3000/_next/static/chunks/0mgr_next_dist_compiled_react-dom_0tn~.m7._.js:9555:97)
    at workLoopSync (http://localhost:3000/_next/static/chunks/0mgr_next_dist_compiled_react-dom_0tn~.m7._.js:9449:40)
    at renderRootSync (http://localhost:3000/_next/static/chunks/0mgr_next_dist_compiled_react-dom_0tn~.m7._.js:9433:13)
    at performWorkOnRoot (http://localhost:3000/_next/static/chunks/0mgr_next_dist_compiled_react-dom_0tn~.m7._.js:9061:186)
    at performSyncWorkOnRoot (http://localhost:3000/_next/static/chunks/0mgr_next_dist_compiled_react-dom_0tn~.m7._.js:10263:9)
    at flushSyncWorkAcrossRoots_impl (http://localhost:3000/_next/static/chunks/0mgr_next_dist_compiled_react-dom_0tn~.m7._.js:10179:316)
    at flushSpawnedWork (http://localhost:3000/_next/static/chunks/0mgr_next_dist_compiled_react-dom_0tn~.m7._.js:9939:13)
    at commitRoot (http://localhost:3000/_next/static/chunks/0mgr_next_dist_compiled_react-dom_0tn~.m7._.js:9746:441)
    at completeRoot (http://localhost:3000/_next/static/chunks/0mgr_next_dist_compiled_react-dom_0tn~.m7._.js:9711:13)
    at completeRootWhenReady (http://localhost:3000/_next/static/chunks/0mgr_next_dist_compiled_react-dom_0tn~.m7._.js:9187:9)
    at performWorkOnRoot (http://localhost:3000/_next/static/chunks/0mgr_next_dist_compiled_react-dom_0tn~.m7._.js:9159:25)
    at performWorkOnRootViaSchedulerTask (http://localhost:3000/_next/static/chunks/0mgr_next_dist_compiled_react-dom_0tn~.m7._.js:10255:9)
    at MessagePort.performWorkUntilDeadline (http://localhost:3000/_next/static/chunks/0mgr_next_dist_compiled_05ok-pt._.js:2647:64)
[   84929ms] Error: A table must have at least one Column with the isRowHeader prop set to true
    at $1910c06f0ca9905e$var$TableCollection.updateColumns (http://localhost:3000/_next/static/chunks/0mgr_react-aria-components_dist_0wj7x_z._.js:896:93)
    at $1910c06f0ca9905e$var$TableCollection.commit (http://localhost:3000/_next/static/chunks/0mgr_react-aria-components_dist_0wj7x_z._.js:861:14)
    at $681cc3c98f569e39$export$b34a105447964f9f.updateCollection (http://localhost:3000/_next/static/chunks/0mgr_0z-x7bv._.js:4613:33)
    at $681cc3c98f569e39$export$b34a105447964f9f.getCollection (http://localhost:3000/_next/static/chunks/0mgr_0z-x7bv._.js:4593:14)
    at http://localhost:3000/_next/static/chunks/0mgr_0z-x7bv._.js:4811:35
    at updateSyncExternalStore (http://localhost:3000/_next/static/chunks/0mgr_next_dist_compiled_react-dom_0tn~.m7._.js:4956:40)
    at Object.useSyncExternalStore (http://localhost:3000/_next/static/chunks/0mgr_next_dist_compiled_react-dom_0tn~.m7._.js:15514:20)
    at exports.useSyncExternalStore (http://localhost:3000/_next/static/chunks/0mgr_next_dist_compiled_05ok-pt._.js:1757:36)
    at $e1995378a142960e$var$useCollectionDocument (http://localhost:3000/_next/static/chunks/0mgr_0z-x7bv._.js:4825:22)
    at $e1995378a142960e$export$bf788dd355e3a401 (http://localhost:3000/_next/static/chunks/0mgr_0z-x7bv._.js:4773:58)
    at Object.react_stack_bottom_frame (http://localhost:3000/_next/static/chunks/0mgr_next_dist_compiled_react-dom_0tn~.m7._.js:15037:24)
    at renderWithHooks (http://localhost:3000/_next/static/chunks/0mgr_next_dist_compiled_react-dom_0tn~.m7._.js:4620:24)
    at updateFunctionComponent (http://localhost:3000/_next/static/chunks/0mgr_next_dist_compiled_react-dom_0tn~.m7._.js:6081:21)
    at beginWork (http://localhost:3000/_next/static/chunks/0mgr_next_dist_compiled_react-dom_0tn~.m7._.js:6691:24)
    at runWithFiberInDEV (http://localhost:3000/_next/static/chunks/0mgr_next_dist_compiled_react-dom_0tn~.m7._.js:965:74)
    at performUnitOfWork (http://localhost:3000/_next/static/chunks/0mgr_next_dist_compiled_react-dom_0tn~.m7._.js:9555:97)
    at workLoopSync (http://localhost:3000/_next/static/chunks/0mgr_next_dist_compiled_react-dom_0tn~.m7._.js:9449:40)
    at renderRootSync (http://localhost:3000/_next/static/chunks/0mgr_next_dist_compiled_react-dom_0tn~.m7._.js:9433:13)
    at performWorkOnRoot (http://localhost:3000/_next/static/chunks/0mgr_next_dist_compiled_react-dom_0tn~.m7._.js:9061:186)
    at performSyncWorkOnRoot (http://localhost:3000/_next/static/chunks/0mgr_next_dist_compiled_react-dom_0tn~.m7._.js:10263:9)
    at flushSyncWorkAcrossRoots_impl (http://localhost:3000/_next/static/chunks/0mgr_next_dist_compiled_react-dom_0tn~.m7._.js:10179:316)
    at flushSpawnedWork (http://localhost:3000/_next/static/chunks/0mgr_next_dist_compiled_react-dom_0tn~.m7._.js:9939:13)
    at commitRoot (http://localhost:3000/_next/static/chunks/0mgr_next_dist_compiled_react-dom_0tn~.m7._.js:9746:441)
    at completeRoot (http://localhost:3000/_next/static/chunks/0mgr_next_dist_compiled_react-dom_0tn~.m7._.js:9711:13)
    at completeRootWhenReady (http://localhost:3000/_next/static/chunks/0mgr_next_dist_compiled_react-dom_0tn~.m7._.js:9187:9)
    at performWorkOnRoot (http://localhost:3000/_next/static/chunks/0mgr_next_dist_compiled_react-dom_0tn~.m7._.js:9159:25)
    at performWorkOnRootViaSchedulerTask (http://localhost:3000/_next/static/chunks/0mgr_next_dist_compiled_react-dom_0tn~.m7._.js:10255:9)
    at MessagePort.performWorkUntilDeadline (http://localhost:3000/_next/static/chunks/0mgr_next_dist_compiled_05ok-pt._.js:2647:64)
[   84929ms] Error: A table must have at least one Column with the isRowHeader prop set to true
    at $1910c06f0ca9905e$var$TableCollection.updateColumns (http://localhost:3000/_next/static/chunks/0mgr_react-aria-components_dist_0wj7x_z._.js:896:93)
    at $1910c06f0ca9905e$var$TableCollection.commit (http://localhost:3000/_next/static/chunks/0mgr_react-aria-components_dist_0wj7x_z._.js:861:14)
    at $681cc3c98f569e39$export$b34a105447964f9f.updateCollection (http://localhost:3000/_next/static/chunks/0mgr_0z-x7bv._.js:4613:33)
    at $681cc3c98f569e39$export$b34a105447964f9f.getCollection (http://localhost:3000/_next/static/chunks/0mgr_0z-x7bv._.js:4593:14)
    at http://localhost:3000/_next/static/chunks/0mgr_0z-x7bv._.js:4811:35
    at updateSyncExternalStore (http://localhost:3000/_next/static/chunks/0mgr_next_dist_compiled_react-dom_0tn~.m7._.js:4956:40)
    at Object.useSyncExternalStore (http://localhost:3000/_next/static/chunks/0mgr_next_dist_compiled_react-dom_0tn~.m7._.js:15514:20)
    at exports.useSyncExternalStore (http://localhost:3000/_next/static/chunks/0mgr_next_dist_compiled_05ok-pt._.js:1757:36)
    at $e1995378a142960e$var$useCollectionDocument (http://localhost:3000/_next/static/chunks/0mgr_0z-x7bv._.js:4825:22)
    at $e1995378a142960e$export$bf788dd355e3a401 (http://localhost:3000/_next/static/chunks/0mgr_0z-x7bv._.js:4773:58)
    at Object.react_stack_bottom_frame (http://localhost:3000/_next/static/chunks/0mgr_next_dist_compiled_react-dom_0tn~.m7._.js:15037:24)
    at renderWithHooks (http://localhost:3000/_next/static/chunks/0mgr_next_dist_compiled_react-dom_0tn~.m7._.js:4620:24)
    at updateFunctionComponent (http://localhost:3000/_next/static/chunks/0mgr_next_dist_compiled_react-dom_0tn~.m7._.js:6081:21)
    at beginWork (http://localhost:3000/_next/static/chunks/0mgr_next_dist_compiled_react-dom_0tn~.m7._.js:6691:24)
    at runWithFiberInDEV (http://localhost:3000/_next/static/chunks/0mgr_next_dist_compiled_react-dom_0tn~.m7._.js:965:74)
    at performUnitOfWork (http://localhost:3000/_next/static/chunks/0mgr_next_dist_compiled_react-dom_0tn~.m7._.js:9555:97)
    at workLoopSync (http://localhost:3000/_next/static/chunks/0mgr_next_dist_compiled_react-dom_0tn~.m7._.js:9449:40)
    at renderRootSync (http://localhost:3000/_next/static/chunks/0mgr_next_dist_compiled_react-dom_0tn~.m7._.js:9433:13)
    at performWorkOnRoot (http://localhost:3000/_next/static/chunks/0mgr_next_dist_compiled_react-dom_0tn~.m7._.js:9061:186)
    at performSyncWorkOnRoot (http://localhost:3000/_next/static/chunks/0mgr_next_dist_compiled_react-dom_0tn~.m7._.js:10263:9)
    at flushSyncWorkAcrossRoots_impl (http://localhost:3000/_next/static/chunks/0mgr_next_dist_compiled_react-dom_0tn~.m7._.js:10179:316)
    at flushSpawnedWork (http://localhost:3000/_next/static/chunks/0mgr_next_dist_compiled_react-dom_0tn~.m7._.js:9939:13)
    at commitRoot (http://localhost:3000/_next/static/chunks/0mgr_next_dist_compiled_react-dom_0tn~.m7._.js:9746:441)
    at completeRoot (http://localhost:3000/_next/static/chunks/0mgr_next_dist_compiled_react-dom_0tn~.m7._.js:9711:13)
    at completeRootWhenReady (http://localhost:3000/_next/static/chunks/0mgr_next_dist_compiled_react-dom_0tn~.m7._.js:9187:9)
    at performWorkOnRoot (http://localhost:3000/_next/static/chunks/0mgr_next_dist_compiled_react-dom_0tn~.m7._.js:9159:25)
    at performWorkOnRootViaSchedulerTask (http://localhost:3000/_next/static/chunks/0mgr_next_dist_compiled_react-dom_0tn~.m7._.js:10255:9)
    at MessagePort.performWorkUntilDeadline (http://localhost:3000/_next/static/chunks/0mgr_next_dist_compiled_05ok-pt._.js:2647:64)
[   84999ms] [WARNING] Account with ID caitlyn not found in <NavAccountCard /> @ http://localhost:3000/_next/static/chunks/0mgr_next_dist_12dcj3y._.js:2431
[   84999ms] [WARNING] Account with ID caitlyn not found in <NavAccountCard /> @ http://localhost:3000/_next/static/chunks/0mgr_next_dist_12dcj3y._.js:2431
[   93688ms] [LOG] [Fast Refresh] rebuilding @ http://localhost:3000/_next/static/chunks/0mgr_next_dist_12dcj3y._.js:2431
[   93828ms] [WARNING] [Fast Refresh] performing full reload because your application had an unrecoverable error @ http://localhost:3000/_next/static/chunks/0mgr_next_dist_12dcj3y._.js:2431
[   94031ms] [LOG] [Fast Refresh] done in 239ms @ http://localhost:3000/_next/static/chunks/0mgr_next_dist_12dcj3y._.js:2431
[   94141ms] [LOG] [Fast Refresh] rebuilding @ http://localhost:3000/_next/static/chunks/0mgr_next_dist_12dcj3y._.js:2431
[   94330ms] [LOG] [Fast Refresh] done in 291ms @ http://localhost:3000/_next/static/chunks/0mgr_next_dist_12dcj3y._.js:2431
[   94520ms] [INFO] %cDownload the React DevTools for a better development experience: https://react.dev/link/react-devtools font-weight:bold @ http://localhost:3000/_next/static/chunks/0mgr_next_dist_12dcj3y._.js:2431
[   94538ms] [LOG] [HMR] connected @ http://localhost:3000/_next/static/chunks/0mgr_next_dist_12dcj3y._.js:2431
[   94630ms] [ERROR] The result of getServerSnapshot should be cached to avoid an infinite loop @ http://localhost:3000/_next/static/chunks/0mgr_next_dist_12dcj3y._.js:3272
[   94712ms] [LOG] [Fast Refresh] rebuilding @ http://localhost:3000/_next/static/chunks/0mgr_next_dist_12dcj3y._.js:2431
[   94719ms] [LOG] [Fast Refresh] done in 107ms @ http://localhost:3000/_next/static/chunks/0mgr_next_dist_12dcj3y._.js:2431
[  105222ms] [LOG] [Fast Refresh] rebuilding @ http://localhost:3000/_next/static/chunks/0mgr_next_dist_12dcj3y._.js:2431
[  105284ms] [LOG] [Fast Refresh] done in 64ms @ http://localhost:3000/_next/static/chunks/0mgr_next_dist_12dcj3y._.js:2431
[  110998ms] [LOG] [Fast Refresh] rebuilding @ http://localhost:3000/_next/static/chunks/0mgr_next_dist_12dcj3y._.js:2431
[  111134ms] [LOG] [Fast Refresh] done in 127ms @ http://localhost:3000/_next/static/chunks/0mgr_next_dist_12dcj3y._.js:2431
[  111235ms] [LOG] [Fast Refresh] rebuilding @ http://localhost:3000/_next/static/chunks/0mgr_next_dist_12dcj3y._.js:2431
[  111331ms] [LOG] [Fast Refresh] done in 196ms @ http://localhost:3000/_next/static/chunks/0mgr_next_dist_12dcj3y._.js:2431
[  111446ms] [INFO] %cDownload the React DevTools for a better development experience: https://react.dev/link/react-devtools font-weight:bold @ http://localhost:3000/_next/static/chunks/0mgr_next_dist_12dcj3y._.js:2431
[  111457ms] [LOG] [HMR] connected @ http://localhost:3000/_next/static/chunks/0mgr_next_dist_12dcj3y._.js:2431
[  111567ms] [ERROR] The result of getServerSnapshot should be cached to avoid an infinite loop @ http://localhost:3000/_next/static/chunks/0mgr_next_dist_12dcj3y._.js:3272
