[      99ms] [INFO] %cDownload the React DevTools for a better development experience: https://react.dev/link/react-devtools font-weight:bold @ http://localhost:3000/_next/static/chunks/0mgr_next_dist_12dcj3y._.js:2431
[     109ms] [LOG] [HMR] connected @ http://localhost:3000/_next/static/chunks/0mgr_next_dist_12dcj3y._.js:2431
[     168ms] [ERROR] The result of getServerSnapshot should be cached to avoid an infinite loop @ http://localhost:3000/_next/static/chunks/0mgr_next_dist_12dcj3y._.js:3272
[    2753ms] Error: A table must have at least one Column with the isRowHeader prop set to true
    at $1910c06f0ca9905e$var$TableCollection.updateColumns (http://localhost:3000/_next/static/chunks/0mgr_react-aria-components_dist_0wj7x_z._.js:896:93)
    at $1910c06f0ca9905e$var$TableCollection.commit (http://localhost:3000/_next/static/chunks/0mgr_react-aria-components_dist_0wj7x_z._.js:861:14)
    at $681cc3c98f569e39$export$b34a105447964f9f.updateCollection (http://localhost:3000/_next/static/chunks/0mgr_0z-x7bv._.js:4613:33)
    at $681cc3c98f569e39$export$b34a105447964f9f.getCollection (http://localhost:3000/_next/static/chunks/0mgr_0z-x7bv._.js:4593:14)
    at http://localhost:3000/_next/static/chunks/0mgr_0z-x7bv._.js:4811:35
    at updateSyncExternalStore (http://localhost:3000/_next/static/chunks/0mgr_next_dist_compiled_react-dom_0tn~.m7._.js:4956:40)
    at Object.useSyncExternalStore (http://localhost:3000/_next/static/chunks/0mgr_next_dist_compiled_react-dom_0tn~.m7._.js:15514:20)
    at exports.useSyncExternalStore (http://localhost:3000/_next/static/chunks/0mgr_next_dist_compiled_05ok-pt._.js:1757:36)
    at $e1995378a142960e$var$useCollectionDocument (http://localhost:3000/_next/static/chunks/0mgr_0z-x7bv._.js:4825:22)
    at $e1995378a142960e$export$bf788dd355e3a401 (http://localhost:3000/_next/static/chunks/0mgr_0z-x7bv._.js:4773:58)
    at Object.react_stack_bottom_frame (http://localhost:3000/_next/static/chunks/0mgr_next_dist_compiled_react-dom_0tn~.m7._.js:15037:24)
    at renderWithHooks (http://localhost:3000/_next/static/chunks/0mgr_next_dist_compiled_react-dom_0tn~.m7._.js:4620:24)
    at updateFunctionComponent (http://localhost:3000/_next/static/chunks/0mgr_next_dist_compiled_react-dom_0tn~.m7._.js:6081:21)
    at beginWork (http://localhost:3000/_next/static/chunks/0mgr_next_dist_compiled_react-dom_0tn~.m7._.js:6691:24)
    at runWithFiberInDEV (http://localhost:3000/_next/static/chunks/0mgr_next_dist_compiled_react-dom_0tn~.m7._.js:965:74)
    at performUnitOfWork (http://localhost:3000/_next/static/chunks/0mgr_next_dist_compiled_react-dom_0tn~.m7._.js:9555:97)
    at workLoopSync (http://localhost:3000/_next/static/chunks/0mgr_next_dist_compiled_react-dom_0tn~.m7._.js:9449:40)
    at renderRootSync (http://localhost:3000/_next/static/chunks/0mgr_next_dist_compiled_react-dom_0tn~.m7._.js:9433:13)
    at performWorkOnRoot (http://localhost:3000/_next/static/chunks/0mgr_next_dist_compiled_react-dom_0tn~.m7._.js:9061:186)
    at performSyncWorkOnRoot (http://localhost:3000/_next/static/chunks/0mgr_next_dist_compiled_react-dom_0tn~.m7._.js:10263:9)
    at flushSyncWorkAcrossRoots_impl (http://localhost:3000/_next/static/chunks/0mgr_next_dist_compiled_react-dom_0tn~.m7._.js:10179:316)
    at flushSpawnedWork (http://localhost:3000/_next/static/chunks/0mgr_next_dist_compiled_react-dom_0tn~.m7._.js:9939:13)
    at commitRoot (http://localhost:3000/_next/static/chunks/0mgr_next_dist_compiled_react-dom_0tn~.m7._.js:9746:441)
    at completeRoot (http://localhost:3000/_next/static/chunks/0mgr_next_dist_compiled_react-dom_0tn~.m7._.js:9711:13)
    at completeRootWhenReady (http://localhost:3000/_next/static/chunks/0mgr_next_dist_compiled_react-dom_0tn~.m7._.js:9187:9)
    at performWorkOnRoot (http://localhost:3000/_next/static/chunks/0mgr_next_dist_compiled_react-dom_0tn~.m7._.js:9159:25)
    at performWorkOnRootViaSchedulerTask (http://localhost:3000/_next/static/chunks/0mgr_next_dist_compiled_react-dom_0tn~.m7._.js:10255:9)
    at MessagePort.performWorkUntilDeadline (http://localhost:3000/_next/static/chunks/0mgr_next_dist_compiled_05ok-pt._.js:2647:64)
[    2753ms] Error: A table must have at least one Column with the isRowHeader prop set to true
    at $1910c06f0ca9905e$var$TableCollection.updateColumns (http://localhost:3000/_next/static/chunks/0mgr_react-aria-components_dist_0wj7x_z._.js:896:93)
    at $1910c06f0ca9905e$var$TableCollection.commit (http://localhost:3000/_next/static/chunks/0mgr_react-aria-components_dist_0wj7x_z._.js:861:14)
    at $681cc3c98f569e39$export$b34a105447964f9f.updateCollection (http://localhost:3000/_next/static/chunks/0mgr_0z-x7bv._.js:4613:33)
    at $681cc3c98f569e39$export$b34a105447964f9f.getCollection (http://localhost:3000/_next/static/chunks/0mgr_0z-x7bv._.js:4593:14)
    at http://localhost:3000/_next/static/chunks/0mgr_0z-x7bv._.js:4811:35
    at updateSyncExternalStore (http://localhost:3000/_next/static/chunks/0mgr_next_dist_compiled_react-dom_0tn~.m7._.js:4956:40)
    at Object.useSyncExternalStore (http://localhost:3000/_next/static/chunks/0mgr_next_dist_compiled_react-dom_0tn~.m7._.js:15514:20)
    at exports.useSyncExternalStore (http://localhost:3000/_next/static/chunks/0mgr_next_dist_compiled_05ok-pt._.js:1757:36)
    at $e1995378a142960e$var$useCollectionDocument (http://localhost:3000/_next/static/chunks/0mgr_0z-x7bv._.js:4825:22)
    at $e1995378a142960e$export$bf788dd355e3a401 (http://localhost:3000/_next/static/chunks/0mgr_0z-x7bv._.js:4773:58)
    at Object.react_stack_bottom_frame (http://localhost:3000/_next/static/chunks/0mgr_next_dist_compiled_react-dom_0tn~.m7._.js:15037:24)
    at renderWithHooks (http://localhost:3000/_next/static/chunks/0mgr_next_dist_compiled_react-dom_0tn~.m7._.js:4620:24)
    at updateFunctionComponent (http://localhost:3000/_next/static/chunks/0mgr_next_dist_compiled_react-dom_0tn~.m7._.js:6081:21)
    at beginWork (http://localhost:3000/_next/static/chunks/0mgr_next_dist_compiled_react-dom_0tn~.m7._.js:6691:24)
    at runWithFiberInDEV (http://localhost:3000/_next/static/chunks/0mgr_next_dist_compiled_react-dom_0tn~.m7._.js:965:74)
    at performUnitOfWork (http://localhost:3000/_next/static/chunks/0mgr_next_dist_compiled_react-dom_0tn~.m7._.js:9555:97)
    at workLoopSync (http://localhost:3000/_next/static/chunks/0mgr_next_dist_compiled_react-dom_0tn~.m7._.js:9449:40)
    at renderRootSync (http://localhost:3000/_next/static/chunks/0mgr_next_dist_compiled_react-dom_0tn~.m7._.js:9433:13)
    at performWorkOnRoot (http://localhost:3000/_next/static/chunks/0mgr_next_dist_compiled_react-dom_0tn~.m7._.js:9061:186)
    at performSyncWorkOnRoot (http://localhost:3000/_next/static/chunks/0mgr_next_dist_compiled_react-dom_0tn~.m7._.js:10263:9)
    at flushSyncWorkAcrossRoots_impl (http://localhost:3000/_next/static/chunks/0mgr_next_dist_compiled_react-dom_0tn~.m7._.js:10179:316)
    at flushSpawnedWork (http://localhost:3000/_next/static/chunks/0mgr_next_dist_compiled_react-dom_0tn~.m7._.js:9939:13)
    at commitRoot (http://localhost:3000/_next/static/chunks/0mgr_next_dist_compiled_react-dom_0tn~.m7._.js:9746:441)
    at completeRoot (http://localhost:3000/_next/static/chunks/0mgr_next_dist_compiled_react-dom_0tn~.m7._.js:9711:13)
    at completeRootWhenReady (http://localhost:3000/_next/static/chunks/0mgr_next_dist_compiled_react-dom_0tn~.m7._.js:9187:9)
    at performWorkOnRoot (http://localhost:3000/_next/static/chunks/0mgr_next_dist_compiled_react-dom_0tn~.m7._.js:9159:25)
    at performWorkOnRootViaSchedulerTask (http://localhost:3000/_next/static/chunks/0mgr_next_dist_compiled_react-dom_0tn~.m7._.js:10255:9)
    at MessagePort.performWorkUntilDeadline (http://localhost:3000/_next/static/chunks/0mgr_next_dist_compiled_05ok-pt._.js:2647:64)
[    2754ms] Error: A table must have at least one Column with the isRowHeader prop set to true
    at $1910c06f0ca9905e$var$TableCollection.updateColumns (http://localhost:3000/_next/static/chunks/0mgr_react-aria-components_dist_0wj7x_z._.js:896:93)
    at $1910c06f0ca9905e$var$TableCollection.commit (http://localhost:3000/_next/static/chunks/0mgr_react-aria-components_dist_0wj7x_z._.js:861:14)
    at $681cc3c98f569e39$export$b34a105447964f9f.updateCollection (http://localhost:3000/_next/static/chunks/0mgr_0z-x7bv._.js:4613:33)
    at $681cc3c98f569e39$export$b34a105447964f9f.getCollection (http://localhost:3000/_next/static/chunks/0mgr_0z-x7bv._.js:4593:14)
    at http://localhost:3000/_next/static/chunks/0mgr_0z-x7bv._.js:4811:35
    at updateSyncExternalStore (http://localhost:3000/_next/static/chunks/0mgr_next_dist_compiled_react-dom_0tn~.m7._.js:4956:40)
    at Object.useSyncExternalStore (http://localhost:3000/_next/static/chunks/0mgr_next_dist_compiled_react-dom_0tn~.m7._.js:15514:20)
    at exports.useSyncExternalStore (http://localhost:3000/_next/static/chunks/0mgr_next_dist_compiled_05ok-pt._.js:1757:36)
    at $e1995378a142960e$var$useCollectionDocument (http://localhost:3000/_next/static/chunks/0mgr_0z-x7bv._.js:4825:22)
    at $e1995378a142960e$export$bf788dd355e3a401 (http://localhost:3000/_next/static/chunks/0mgr_0z-x7bv._.js:4773:58)
    at Object.react_stack_bottom_frame (http://localhost:3000/_next/static/chunks/0mgr_next_dist_compiled_react-dom_0tn~.m7._.js:15037:24)
    at renderWithHooks (http://localhost:3000/_next/static/chunks/0mgr_next_dist_compiled_react-dom_0tn~.m7._.js:4620:24)
    at updateFunctionComponent (http://localhost:3000/_next/static/chunks/0mgr_next_dist_compiled_react-dom_0tn~.m7._.js:6081:21)
    at beginWork (http://localhost:3000/_next/static/chunks/0mgr_next_dist_compiled_react-dom_0tn~.m7._.js:6691:24)
    at runWithFiberInDEV (http://localhost:3000/_next/static/chunks/0mgr_next_dist_compiled_react-dom_0tn~.m7._.js:965:74)
    at performUnitOfWork (http://localhost:3000/_next/static/chunks/0mgr_next_dist_compiled_react-dom_0tn~.m7._.js:9555:97)
    at workLoopSync (http://localhost:3000/_next/static/chunks/0mgr_next_dist_compiled_react-dom_0tn~.m7._.js:9449:40)
    at renderRootSync (http://localhost:3000/_next/static/chunks/0mgr_next_dist_compiled_react-dom_0tn~.m7._.js:9433:13)
    at performWorkOnRoot (http://localhost:3000/_next/static/chunks/0mgr_next_dist_compiled_react-dom_0tn~.m7._.js:9061:186)
    at performSyncWorkOnRoot (http://localhost:3000/_next/static/chunks/0mgr_next_dist_compiled_react-dom_0tn~.m7._.js:10263:9)
    at flushSyncWorkAcrossRoots_impl (http://localhost:3000/_next/static/chunks/0mgr_next_dist_compiled_react-dom_0tn~.m7._.js:10179:316)
    at flushSpawnedWork (http://localhost:3000/_next/static/chunks/0mgr_next_dist_compiled_react-dom_0tn~.m7._.js:9939:13)
    at commitRoot (http://localhost:3000/_next/static/chunks/0mgr_next_dist_compiled_react-dom_0tn~.m7._.js:9746:441)
    at completeRoot (http://localhost:3000/_next/static/chunks/0mgr_next_dist_compiled_react-dom_0tn~.m7._.js:9711:13)
    at completeRootWhenReady (http://localhost:3000/_next/static/chunks/0mgr_next_dist_compiled_react-dom_0tn~.m7._.js:9187:9)
    at performWorkOnRoot (http://localhost:3000/_next/static/chunks/0mgr_next_dist_compiled_react-dom_0tn~.m7._.js:9159:25)
    at performWorkOnRootViaSchedulerTask (http://localhost:3000/_next/static/chunks/0mgr_next_dist_compiled_react-dom_0tn~.m7._.js:10255:9)
    at MessagePort.performWorkUntilDeadline (http://localhost:3000/_next/static/chunks/0mgr_next_dist_compiled_05ok-pt._.js:2647:64)
[    2754ms] Error: A table must have at least one Column with the isRowHeader prop set to true
    at $1910c06f0ca9905e$var$TableCollection.updateColumns (http://localhost:3000/_next/static/chunks/0mgr_react-aria-components_dist_0wj7x_z._.js:896:93)
    at $1910c06f0ca9905e$var$TableCollection.commit (http://localhost:3000/_next/static/chunks/0mgr_react-aria-components_dist_0wj7x_z._.js:861:14)
    at $681cc3c98f569e39$export$b34a105447964f9f.updateCollection (http://localhost:3000/_next/static/chunks/0mgr_0z-x7bv._.js:4613:33)
    at $681cc3c98f569e39$export$b34a105447964f9f.getCollection (http://localhost:3000/_next/static/chunks/0mgr_0z-x7bv._.js:4593:14)
    at http://localhost:3000/_next/static/chunks/0mgr_0z-x7bv._.js:4811:35
    at updateSyncExternalStore (http://localhost:3000/_next/static/chunks/0mgr_next_dist_compiled_react-dom_0tn~.m7._.js:4956:40)
    at Object.useSyncExternalStore (http://localhost:3000/_next/static/chunks/0mgr_next_dist_compiled_react-dom_0tn~.m7._.js:15514:20)
    at exports.useSyncExternalStore (http://localhost:3000/_next/static/chunks/0mgr_next_dist_compiled_05ok-pt._.js:1757:36)
    at $e1995378a142960e$var$useCollectionDocument (http://localhost:3000/_next/static/chunks/0mgr_0z-x7bv._.js:4825:22)
    at $e1995378a142960e$export$bf788dd355e3a401 (http://localhost:3000/_next/static/chunks/0mgr_0z-x7bv._.js:4773:58)
    at Object.react_stack_bottom_frame (http://localhost:3000/_next/static/chunks/0mgr_next_dist_compiled_react-dom_0tn~.m7._.js:15037:24)
    at renderWithHooks (http://localhost:3000/_next/static/chunks/0mgr_next_dist_compiled_react-dom_0tn~.m7._.js:4620:24)
    at updateFunctionComponent (http://localhost:3000/_next/static/chunks/0mgr_next_dist_compiled_react-dom_0tn~.m7._.js:6081:21)
    at beginWork (http://localhost:3000/_next/static/chunks/0mgr_next_dist_compiled_react-dom_0tn~.m7._.js:6691:24)
    at runWithFiberInDEV (http://localhost:3000/_next/static/chunks/0mgr_next_dist_compiled_react-dom_0tn~.m7._.js:965:74)
    at performUnitOfWork (http://localhost:3000/_next/static/chunks/0mgr_next_dist_compiled_react-dom_0tn~.m7._.js:9555:97)
    at workLoopSync (http://localhost:3000/_next/static/chunks/0mgr_next_dist_compiled_react-dom_0tn~.m7._.js:9449:40)
    at renderRootSync (http://localhost:3000/_next/static/chunks/0mgr_next_dist_compiled_react-dom_0tn~.m7._.js:9433:13)
    at performWorkOnRoot (http://localhost:3000/_next/static/chunks/0mgr_next_dist_compiled_react-dom_0tn~.m7._.js:9061:186)
    at performSyncWorkOnRoot (http://localhost:3000/_next/static/chunks/0mgr_next_dist_compiled_react-dom_0tn~.m7._.js:10263:9)
    at flushSyncWorkAcrossRoots_impl (http://localhost:3000/_next/static/chunks/0mgr_next_dist_compiled_react-dom_0tn~.m7._.js:10179:316)
    at flushSpawnedWork (http://localhost:3000/_next/static/chunks/0mgr_next_dist_compiled_react-dom_0tn~.m7._.js:9939:13)
    at commitRoot (http://localhost:3000/_next/static/chunks/0mgr_next_dist_compiled_react-dom_0tn~.m7._.js:9746:441)
    at completeRoot (http://localhost:3000/_next/static/chunks/0mgr_next_dist_compiled_react-dom_0tn~.m7._.js:9711:13)
    at completeRootWhenReady (http://localhost:3000/_next/static/chunks/0mgr_next_dist_compiled_react-dom_0tn~.m7._.js:9187:9)
    at performWorkOnRoot (http://localhost:3000/_next/static/chunks/0mgr_next_dist_compiled_react-dom_0tn~.m7._.js:9159:25)
    at performWorkOnRootViaSchedulerTask (http://localhost:3000/_next/static/chunks/0mgr_next_dist_compiled_react-dom_0tn~.m7._.js:10255:9)
    at MessagePort.performWorkUntilDeadline (http://localhost:3000/_next/static/chunks/0mgr_next_dist_compiled_05ok-pt._.js:2647:64)
[    2757ms] Error: A table must have at least one Column with the isRowHeader prop set to true
    at $1910c06f0ca9905e$var$TableCollection.updateColumns (http://localhost:3000/_next/static/chunks/0mgr_react-aria-components_dist_0wj7x_z._.js:896:93)
    at $1910c06f0ca9905e$var$TableCollection.commit (http://localhost:3000/_next/static/chunks/0mgr_react-aria-components_dist_0wj7x_z._.js:861:14)
    at $681cc3c98f569e39$export$b34a105447964f9f.updateCollection (http://localhost:3000/_next/static/chunks/0mgr_0z-x7bv._.js:4613:33)
    at $681cc3c98f569e39$export$b34a105447964f9f.getCollection (http://localhost:3000/_next/static/chunks/0mgr_0z-x7bv._.js:4593:14)
    at http://localhost:3000/_next/static/chunks/0mgr_0z-x7bv._.js:4811:35
    at updateSyncExternalStore (http://localhost:3000/_next/static/chunks/0mgr_next_dist_compiled_react-dom_0tn~.m7._.js:4956:40)
    at Object.useSyncExternalStore (http://localhost:3000/_next/static/chunks/0mgr_next_dist_compiled_react-dom_0tn~.m7._.js:15514:20)
    at exports.useSyncExternalStore (http://localhost:3000/_next/static/chunks/0mgr_next_dist_compiled_05ok-pt._.js:1757:36)
    at $e1995378a142960e$var$useCollectionDocument (http://localhost:3000/_next/static/chunks/0mgr_0z-x7bv._.js:4825:22)
    at $e1995378a142960e$export$bf788dd355e3a401 (http://localhost:3000/_next/static/chunks/0mgr_0z-x7bv._.js:4773:58)
    at Object.react_stack_bottom_frame (http://localhost:3000/_next/static/chunks/0mgr_next_dist_compiled_react-dom_0tn~.m7._.js:15037:24)
    at renderWithHooks (http://localhost:3000/_next/static/chunks/0mgr_next_dist_compiled_react-dom_0tn~.m7._.js:4620:24)
    at updateFunctionComponent (http://localhost:3000/_next/static/chunks/0mgr_next_dist_compiled_react-dom_0tn~.m7._.js:6081:21)
    at beginWork (http://localhost:3000/_next/static/chunks/0mgr_next_dist_compiled_react-dom_0tn~.m7._.js:6691:24)
    at runWithFiberInDEV (http://localhost:3000/_next/static/chunks/0mgr_next_dist_compiled_react-dom_0tn~.m7._.js:965:74)
    at performUnitOfWork (http://localhost:3000/_next/static/chunks/0mgr_next_dist_compiled_react-dom_0tn~.m7._.js:9555:97)
    at workLoopSync (http://localhost:3000/_next/static/chunks/0mgr_next_dist_compiled_react-dom_0tn~.m7._.js:9449:40)
    at renderRootSync (http://localhost:3000/_next/static/chunks/0mgr_next_dist_compiled_react-dom_0tn~.m7._.js:9433:13)
    at performWorkOnRoot (http://localhost:3000/_next/static/chunks/0mgr_next_dist_compiled_react-dom_0tn~.m7._.js:9061:186)
    at performSyncWorkOnRoot (http://localhost:3000/_next/static/chunks/0mgr_next_dist_compiled_react-dom_0tn~.m7._.js:10263:9)
    at flushSyncWorkAcrossRoots_impl (http://localhost:3000/_next/static/chunks/0mgr_next_dist_compiled_react-dom_0tn~.m7._.js:10179:316)
    at flushSpawnedWork (http://localhost:3000/_next/static/chunks/0mgr_next_dist_compiled_react-dom_0tn~.m7._.js:9939:13)
    at commitRoot (http://localhost:3000/_next/static/chunks/0mgr_next_dist_compiled_react-dom_0tn~.m7._.js:9746:441)
    at completeRoot (http://localhost:3000/_next/static/chunks/0mgr_next_dist_compiled_react-dom_0tn~.m7._.js:9711:13)
    at completeRootWhenReady (http://localhost:3000/_next/static/chunks/0mgr_next_dist_compiled_react-dom_0tn~.m7._.js:9187:9)
    at performWorkOnRoot (http://localhost:3000/_next/static/chunks/0mgr_next_dist_compiled_react-dom_0tn~.m7._.js:9159:25)
    at performWorkOnRootViaSchedulerTask (http://localhost:3000/_next/static/chunks/0mgr_next_dist_compiled_react-dom_0tn~.m7._.js:10255:9)
    at MessagePort.performWorkUntilDeadline (http://localhost:3000/_next/static/chunks/0mgr_next_dist_compiled_05ok-pt._.js:2647:64)
[    2757ms] Error: A table must have at least one Column with the isRowHeader prop set to true
    at $1910c06f0ca9905e$var$TableCollection.updateColumns (http://localhost:3000/_next/static/chunks/0mgr_react-aria-components_dist_0wj7x_z._.js:896:93)
    at $1910c06f0ca9905e$var$TableCollection.commit (http://localhost:3000/_next/static/chunks/0mgr_react-aria-components_dist_0wj7x_z._.js:861:14)
    at $681cc3c98f569e39$export$b34a105447964f9f.updateCollection (http://localhost:3000/_next/static/chunks/0mgr_0z-x7bv._.js:4613:33)
    at $681cc3c98f569e39$export$b34a105447964f9f.getCollection (http://localhost:3000/_next/static/chunks/0mgr_0z-x7bv._.js:4593:14)
    at http://localhost:3000/_next/static/chunks/0mgr_0z-x7bv._.js:4811:35
    at updateSyncExternalStore (http://localhost:3000/_next/static/chunks/0mgr_next_dist_compiled_react-dom_0tn~.m7._.js:4956:40)
    at Object.useSyncExternalStore (http://localhost:3000/_next/static/chunks/0mgr_next_dist_compiled_react-dom_0tn~.m7._.js:15514:20)
    at exports.useSyncExternalStore (http://localhost:3000/_next/static/chunks/0mgr_next_dist_compiled_05ok-pt._.js:1757:36)
    at $e1995378a142960e$var$useCollectionDocument (http://localhost:3000/_next/static/chunks/0mgr_0z-x7bv._.js:4825:22)
    at $e1995378a142960e$export$bf788dd355e3a401 (http://localhost:3000/_next/static/chunks/0mgr_0z-x7bv._.js:4773:58)
    at Object.react_stack_bottom_frame (http://localhost:3000/_next/static/chunks/0mgr_next_dist_compiled_react-dom_0tn~.m7._.js:15037:24)
    at renderWithHooks (http://localhost:3000/_next/static/chunks/0mgr_next_dist_compiled_react-dom_0tn~.m7._.js:4620:24)
    at updateFunctionComponent (http://localhost:3000/_next/static/chunks/0mgr_next_dist_compiled_react-dom_0tn~.m7._.js:6081:21)
    at beginWork (http://localhost:3000/_next/static/chunks/0mgr_next_dist_compiled_react-dom_0tn~.m7._.js:6691:24)
    at runWithFiberInDEV (http://localhost:3000/_next/static/chunks/0mgr_next_dist_compiled_react-dom_0tn~.m7._.js:965:74)
    at performUnitOfWork (http://localhost:3000/_next/static/chunks/0mgr_next_dist_compiled_react-dom_0tn~.m7._.js:9555:97)
    at workLoopSync (http://localhost:3000/_next/static/chunks/0mgr_next_dist_compiled_react-dom_0tn~.m7._.js:9449:40)
    at renderRootSync (http://localhost:3000/_next/static/chunks/0mgr_next_dist_compiled_react-dom_0tn~.m7._.js:9433:13)
    at performWorkOnRoot (http://localhost:3000/_next/static/chunks/0mgr_next_dist_compiled_react-dom_0tn~.m7._.js:9061:186)
    at performSyncWorkOnRoot (http://localhost:3000/_next/static/chunks/0mgr_next_dist_compiled_react-dom_0tn~.m7._.js:10263:9)
    at flushSyncWorkAcrossRoots_impl (http://localhost:3000/_next/static/chunks/0mgr_next_dist_compiled_react-dom_0tn~.m7._.js:10179:316)
    at flushSpawnedWork (http://localhost:3000/_next/static/chunks/0mgr_next_dist_compiled_react-dom_0tn~.m7._.js:9939:13)
    at commitRoot (http://localhost:3000/_next/static/chunks/0mgr_next_dist_compiled_react-dom_0tn~.m7._.js:9746:441)
    at completeRoot (http://localhost:3000/_next/static/chunks/0mgr_next_dist_compiled_react-dom_0tn~.m7._.js:9711:13)
    at completeRootWhenReady (http://localhost:3000/_next/static/chunks/0mgr_next_dist_compiled_react-dom_0tn~.m7._.js:9187:9)
    at performWorkOnRoot (http://localhost:3000/_next/static/chunks/0mgr_next_dist_compiled_react-dom_0tn~.m7._.js:9159:25)
    at performWorkOnRootViaSchedulerTask (http://localhost:3000/_next/static/chunks/0mgr_next_dist_compiled_react-dom_0tn~.m7._.js:10255:9)
    at MessagePort.performWorkUntilDeadline (http://localhost:3000/_next/static/chunks/0mgr_next_dist_compiled_05ok-pt._.js:2647:64)
[    3045ms] Error: A table must have at least one Column with the isRowHeader prop set to true
    at $1910c06f0ca9905e$var$TableCollection.updateColumns (http://localhost:3000/_next/static/chunks/0mgr_react-aria-components_dist_0wj7x_z._.js:896:93)
    at $1910c06f0ca9905e$var$TableCollection.commit (http://localhost:3000/_next/static/chunks/0mgr_react-aria-components_dist_0wj7x_z._.js:861:14)
    at $681cc3c98f569e39$export$b34a105447964f9f.updateCollection (http://localhost:3000/_next/static/chunks/0mgr_0z-x7bv._.js:4613:33)
    at $681cc3c98f569e39$export$b34a105447964f9f.getCollection (http://localhost:3000/_next/static/chunks/0mgr_0z-x7bv._.js:4593:14)
    at http://localhost:3000/_next/static/chunks/0mgr_0z-x7bv._.js:4811:35
    at updateSyncExternalStore (http://localhost:3000/_next/static/chunks/0mgr_next_dist_compiled_react-dom_0tn~.m7._.js:4956:40)
    at Object.useSyncExternalStore (http://localhost:3000/_next/static/chunks/0mgr_next_dist_compiled_react-dom_0tn~.m7._.js:15514:20)
    at exports.useSyncExternalStore (http://localhost:3000/_next/static/chunks/0mgr_next_dist_compiled_05ok-pt._.js:1757:36)
    at $e1995378a142960e$var$useCollectionDocument (http://localhost:3000/_next/static/chunks/0mgr_0z-x7bv._.js:4825:22)
    at $e1995378a142960e$export$bf788dd355e3a401 (http://localhost:3000/_next/static/chunks/0mgr_0z-x7bv._.js:4773:58)
    at Object.react_stack_bottom_frame (http://localhost:3000/_next/static/chunks/0mgr_next_dist_compiled_react-dom_0tn~.m7._.js:15037:24)
    at renderWithHooks (http://localhost:3000/_next/static/chunks/0mgr_next_dist_compiled_react-dom_0tn~.m7._.js:4620:24)
    at updateFunctionComponent (http://localhost:3000/_next/static/chunks/0mgr_next_dist_compiled_react-dom_0tn~.m7._.js:6081:21)
    at beginWork (http://localhost:3000/_next/static/chunks/0mgr_next_dist_compiled_react-dom_0tn~.m7._.js:6691:24)
    at runWithFiberInDEV (http://localhost:3000/_next/static/chunks/0mgr_next_dist_compiled_react-dom_0tn~.m7._.js:965:74)
    at performUnitOfWork (http://localhost:3000/_next/static/chunks/0mgr_next_dist_compiled_react-dom_0tn~.m7._.js:9555:97)
    at workLoopSync (http://localhost:3000/_next/static/chunks/0mgr_next_dist_compiled_react-dom_0tn~.m7._.js:9449:40)
    at renderRootSync (http://localhost:3000/_next/static/chunks/0mgr_next_dist_compiled_react-dom_0tn~.m7._.js:9433:13)
    at performWorkOnRoot (http://localhost:3000/_next/static/chunks/0mgr_next_dist_compiled_react-dom_0tn~.m7._.js:9061:186)
    at performSyncWorkOnRoot (http://localhost:3000/_next/static/chunks/0mgr_next_dist_compiled_react-dom_0tn~.m7._.js:10263:9)
    at flushSyncWorkAcrossRoots_impl (http://localhost:3000/_next/static/chunks/0mgr_next_dist_compiled_react-dom_0tn~.m7._.js:10179:316)
    at flushSpawnedWork (http://localhost:3000/_next/static/chunks/0mgr_next_dist_compiled_react-dom_0tn~.m7._.js:9939:13)
    at commitRoot (http://localhost:3000/_next/static/chunks/0mgr_next_dist_compiled_react-dom_0tn~.m7._.js:9746:441)
    at completeRoot (http://localhost:3000/_next/static/chunks/0mgr_next_dist_compiled_react-dom_0tn~.m7._.js:9711:13)
    at completeRootWhenReady (http://localhost:3000/_next/static/chunks/0mgr_next_dist_compiled_react-dom_0tn~.m7._.js:9187:9)
    at performWorkOnRoot (http://localhost:3000/_next/static/chunks/0mgr_next_dist_compiled_react-dom_0tn~.m7._.js:9159:25)
    at performWorkOnRootViaSchedulerTask (http://localhost:3000/_next/static/chunks/0mgr_next_dist_compiled_react-dom_0tn~.m7._.js:10255:9)
    at MessagePort.performWorkUntilDeadline (http://localhost:3000/_next/static/chunks/0mgr_next_dist_compiled_05ok-pt._.js:2647:64)
[    3045ms] Error: A table must have at least one Column with the isRowHeader prop set to true
    at $1910c06f0ca9905e$var$TableCollection.updateColumns (http://localhost:3000/_next/static/chunks/0mgr_react-aria-components_dist_0wj7x_z._.js:896:93)
    at $1910c06f0ca9905e$var$TableCollection.commit (http://localhost:3000/_next/static/chunks/0mgr_react-aria-components_dist_0wj7x_z._.js:861:14)
    at $681cc3c98f569e39$export$b34a105447964f9f.updateCollection (http://localhost:3000/_next/static/chunks/0mgr_0z-x7bv._.js:4613:33)
    at $681cc3c98f569e39$export$b34a105447964f9f.getCollection (http://localhost:3000/_next/static/chunks/0mgr_0z-x7bv._.js:4593:14)
    at http://localhost:3000/_next/static/chunks/0mgr_0z-x7bv._.js:4811:35
    at updateSyncExternalStore (http://localhost:3000/_next/static/chunks/0mgr_next_dist_compiled_react-dom_0tn~.m7._.js:4956:40)
    at Object.useSyncExternalStore (http://localhost:3000/_next/static/chunks/0mgr_next_dist_compiled_react-dom_0tn~.m7._.js:15514:20)
    at exports.useSyncExternalStore (http://localhost:3000/_next/static/chunks/0mgr_next_dist_compiled_05ok-pt._.js:1757:36)
    at $e1995378a142960e$var$useCollectionDocument (http://localhost:3000/_next/static/chunks/0mgr_0z-x7bv._.js:4825:22)
    at $e1995378a142960e$export$bf788dd355e3a401 (http://localhost:3000/_next/static/chunks/0mgr_0z-x7bv._.js:4773:58)
    at Object.react_stack_bottom_frame (http://localhost:3000/_next/static/chunks/0mgr_next_dist_compiled_react-dom_0tn~.m7._.js:15037:24)
    at renderWithHooks (http://localhost:3000/_next/static/chunks/0mgr_next_dist_compiled_react-dom_0tn~.m7._.js:4620:24)
    at updateFunctionComponent (http://localhost:3000/_next/static/chunks/0mgr_next_dist_compiled_react-dom_0tn~.m7._.js:6081:21)
    at beginWork (http://localhost:3000/_next/static/chunks/0mgr_next_dist_compiled_react-dom_0tn~.m7._.js:6691:24)
    at runWithFiberInDEV (http://localhost:3000/_next/static/chunks/0mgr_next_dist_compiled_react-dom_0tn~.m7._.js:965:74)
    at performUnitOfWork (http://localhost:3000/_next/static/chunks/0mgr_next_dist_compiled_react-dom_0tn~.m7._.js:9555:97)
    at workLoopSync (http://localhost:3000/_next/static/chunks/0mgr_next_dist_compiled_react-dom_0tn~.m7._.js:9449:40)
    at renderRootSync (http://localhost:3000/_next/static/chunks/0mgr_next_dist_compiled_react-dom_0tn~.m7._.js:9433:13)
    at performWorkOnRoot (http://localhost:3000/_next/static/chunks/0mgr_next_dist_compiled_react-dom_0tn~.m7._.js:9061:186)
    at performSyncWorkOnRoot (http://localhost:3000/_next/static/chunks/0mgr_next_dist_compiled_react-dom_0tn~.m7._.js:10263:9)
    at flushSyncWorkAcrossRoots_impl (http://localhost:3000/_next/static/chunks/0mgr_next_dist_compiled_react-dom_0tn~.m7._.js:10179:316)
    at flushSpawnedWork (http://localhost:3000/_next/static/chunks/0mgr_next_dist_compiled_react-dom_0tn~.m7._.js:9939:13)
    at commitRoot (http://localhost:3000/_next/static/chunks/0mgr_next_dist_compiled_react-dom_0tn~.m7._.js:9746:441)
    at completeRoot (http://localhost:3000/_next/static/chunks/0mgr_next_dist_compiled_react-dom_0tn~.m7._.js:9711:13)
    at completeRootWhenReady (http://localhost:3000/_next/static/chunks/0mgr_next_dist_compiled_react-dom_0tn~.m7._.js:9187:9)
    at performWorkOnRoot (http://localhost:3000/_next/static/chunks/0mgr_next_dist_compiled_react-dom_0tn~.m7._.js:9159:25)
    at performWorkOnRootViaSchedulerTask (http://localhost:3000/_next/static/chunks/0mgr_next_dist_compiled_react-dom_0tn~.m7._.js:10255:9)
    at MessagePort.performWorkUntilDeadline (http://localhost:3000/_next/static/chunks/0mgr_next_dist_compiled_05ok-pt._.js:2647:64)
[    3045ms] Error: A table must have at least one Column with the isRowHeader prop set to true
    at $1910c06f0ca9905e$var$TableCollection.updateColumns (http://localhost:3000/_next/static/chunks/0mgr_react-aria-components_dist_0wj7x_z._.js:896:93)
    at $1910c06f0ca9905e$var$TableCollection.commit (http://localhost:3000/_next/static/chunks/0mgr_react-aria-components_dist_0wj7x_z._.js:861:14)
    at $681cc3c98f569e39$export$b34a105447964f9f.updateCollection (http://localhost:3000/_next/static/chunks/0mgr_0z-x7bv._.js:4613:33)
    at $681cc3c98f569e39$export$b34a105447964f9f.getCollection (http://localhost:3000/_next/static/chunks/0mgr_0z-x7bv._.js:4593:14)
    at http://localhost:3000/_next/static/chunks/0mgr_0z-x7bv._.js:4811:35
    at updateSyncExternalStore (http://localhost:3000/_next/static/chunks/0mgr_next_dist_compiled_react-dom_0tn~.m7._.js:4956:40)
    at Object.useSyncExternalStore (http://localhost:3000/_next/static/chunks/0mgr_next_dist_compiled_react-dom_0tn~.m7._.js:15514:20)
    at exports.useSyncExternalStore (http://localhost:3000/_next/static/chunks/0mgr_next_dist_compiled_05ok-pt._.js:1757:36)
    at $e1995378a142960e$var$useCollectionDocument (http://localhost:3000/_next/static/chunks/0mgr_0z-x7bv._.js:4825:22)
    at $e1995378a142960e$export$bf788dd355e3a401 (http://localhost:3000/_next/static/chunks/0mgr_0z-x7bv._.js:4773:58)
    at Object.react_stack_bottom_frame (http://localhost:3000/_next/static/chunks/0mgr_next_dist_compiled_react-dom_0tn~.m7._.js:15037:24)
    at renderWithHooks (http://localhost:3000/_next/static/chunks/0mgr_next_dist_compiled_react-dom_0tn~.m7._.js:4620:24)
    at updateFunctionComponent (http://localhost:3000/_next/static/chunks/0mgr_next_dist_compiled_react-dom_0tn~.m7._.js:6081:21)
    at beginWork (http://localhost:3000/_next/static/chunks/0mgr_next_dist_compiled_react-dom_0tn~.m7._.js:6691:24)
    at runWithFiberInDEV (http://localhost:3000/_next/static/chunks/0mgr_next_dist_compiled_react-dom_0tn~.m7._.js:965:74)
    at performUnitOfWork (http://localhost:3000/_next/static/chunks/0mgr_next_dist_compiled_react-dom_0tn~.m7._.js:9555:97)
    at workLoopSync (http://localhost:3000/_next/static/chunks/0mgr_next_dist_compiled_react-dom_0tn~.m7._.js:9449:40)
    at renderRootSync (http://localhost:3000/_next/static/chunks/0mgr_next_dist_compiled_react-dom_0tn~.m7._.js:9433:13)
    at performWorkOnRoot (http://localhost:3000/_next/static/chunks/0mgr_next_dist_compiled_react-dom_0tn~.m7._.js:9061:186)
    at performSyncWorkOnRoot (http://localhost:3000/_next/static/chunks/0mgr_next_dist_compiled_react-dom_0tn~.m7._.js:10263:9)
    at flushSyncWorkAcrossRoots_impl (http://localhost:3000/_next/static/chunks/0mgr_next_dist_compiled_react-dom_0tn~.m7._.js:10179:316)
    at flushSpawnedWork (http://localhost:3000/_next/static/chunks/0mgr_next_dist_compiled_react-dom_0tn~.m7._.js:9939:13)
    at commitRoot (http://localhost:3000/_next/static/chunks/0mgr_next_dist_compiled_react-dom_0tn~.m7._.js:9746:441)
    at completeRoot (http://localhost:3000/_next/static/chunks/0mgr_next_dist_compiled_react-dom_0tn~.m7._.js:9711:13)
    at completeRootWhenReady (http://localhost:3000/_next/static/chunks/0mgr_next_dist_compiled_react-dom_0tn~.m7._.js:9187:9)
    at performWorkOnRoot (http://localhost:3000/_next/static/chunks/0mgr_next_dist_compiled_react-dom_0tn~.m7._.js:9159:25)
    at performWorkOnRootViaSchedulerTask (http://localhost:3000/_next/static/chunks/0mgr_next_dist_compiled_react-dom_0tn~.m7._.js:10255:9)
    at MessagePort.performWorkUntilDeadline (http://localhost:3000/_next/static/chunks/0mgr_next_dist_compiled_05ok-pt._.js:2647:64)
[    3045ms] Error: A table must have at least one Column with the isRowHeader prop set to true
    at $1910c06f0ca9905e$var$TableCollection.updateColumns (http://localhost:3000/_next/static/chunks/0mgr_react-aria-components_dist_0wj7x_z._.js:896:93)
    at $1910c06f0ca9905e$var$TableCollection.commit (http://localhost:3000/_next/static/chunks/0mgr_react-aria-components_dist_0wj7x_z._.js:861:14)
    at $681cc3c98f569e39$export$b34a105447964f9f.updateCollection (http://localhost:3000/_next/static/chunks/0mgr_0z-x7bv._.js:4613:33)
    at $681cc3c98f569e39$export$b34a105447964f9f.getCollection (http://localhost:3000/_next/static/chunks/0mgr_0z-x7bv._.js:4593:14)
    at http://localhost:3000/_next/static/chunks/0mgr_0z-x7bv._.js:4811:35
    at updateSyncExternalStore (http://localhost:3000/_next/static/chunks/0mgr_next_dist_compiled_react-dom_0tn~.m7._.js:4956:40)
    at Object.useSyncExternalStore (http://localhost:3000/_next/static/chunks/0mgr_next_dist_compiled_react-dom_0tn~.m7._.js:15514:20)
    at exports.useSyncExternalStore (http://localhost:3000/_next/static/chunks/0mgr_next_dist_compiled_05ok-pt._.js:1757:36)
    at $e1995378a142960e$var$useCollectionDocument (http://localhost:3000/_next/static/chunks/0mgr_0z-x7bv._.js:4825:22)
    at $e1995378a142960e$export$bf788dd355e3a401 (http://localhost:3000/_next/static/chunks/0mgr_0z-x7bv._.js:4773:58)
    at Object.react_stack_bottom_frame (http://localhost:3000/_next/static/chunks/0mgr_next_dist_compiled_react-dom_0tn~.m7._.js:15037:24)
    at renderWithHooks (http://localhost:3000/_next/static/chunks/0mgr_next_dist_compiled_react-dom_0tn~.m7._.js:4620:24)
    at updateFunctionComponent (http://localhost:3000/_next/static/chunks/0mgr_next_dist_compiled_react-dom_0tn~.m7._.js:6081:21)
    at beginWork (http://localhost:3000/_next/static/chunks/0mgr_next_dist_compiled_react-dom_0tn~.m7._.js:6691:24)
    at runWithFiberInDEV (http://localhost:3000/_next/static/chunks/0mgr_next_dist_compiled_react-dom_0tn~.m7._.js:965:74)
    at performUnitOfWork (http://localhost:3000/_next/static/chunks/0mgr_next_dist_compiled_react-dom_0tn~.m7._.js:9555:97)
    at workLoopSync (http://localhost:3000/_next/static/chunks/0mgr_next_dist_compiled_react-dom_0tn~.m7._.js:9449:40)
    at renderRootSync (http://localhost:3000/_next/static/chunks/0mgr_next_dist_compiled_react-dom_0tn~.m7._.js:9433:13)
    at performWorkOnRoot (http://localhost:3000/_next/static/chunks/0mgr_next_dist_compiled_react-dom_0tn~.m7._.js:9061:186)
    at performSyncWorkOnRoot (http://localhost:3000/_next/static/chunks/0mgr_next_dist_compiled_react-dom_0tn~.m7._.js:10263:9)
    at flushSyncWorkAcrossRoots_impl (http://localhost:3000/_next/static/chunks/0mgr_next_dist_compiled_react-dom_0tn~.m7._.js:10179:316)
    at flushSpawnedWork (http://localhost:3000/_next/static/chunks/0mgr_next_dist_compiled_react-dom_0tn~.m7._.js:9939:13)
    at commitRoot (http://localhost:3000/_next/static/chunks/0mgr_next_dist_compiled_react-dom_0tn~.m7._.js:9746:441)
    at completeRoot (http://localhost:3000/_next/static/chunks/0mgr_next_dist_compiled_react-dom_0tn~.m7._.js:9711:13)
    at completeRootWhenReady (http://localhost:3000/_next/static/chunks/0mgr_next_dist_compiled_react-dom_0tn~.m7._.js:9187:9)
    at performWorkOnRoot (http://localhost:3000/_next/static/chunks/0mgr_next_dist_compiled_react-dom_0tn~.m7._.js:9159:25)
    at performWorkOnRootViaSchedulerTask (http://localhost:3000/_next/static/chunks/0mgr_next_dist_compiled_react-dom_0tn~.m7._.js:10255:9)
    at MessagePort.performWorkUntilDeadline (http://localhost:3000/_next/static/chunks/0mgr_next_dist_compiled_05ok-pt._.js:2647:64)
[    3045ms] Error: A table must have at least one Column with the isRowHeader prop set to true
    at $1910c06f0ca9905e$var$TableCollection.updateColumns (http://localhost:3000/_next/static/chunks/0mgr_react-aria-components_dist_0wj7x_z._.js:896:93)
    at $1910c06f0ca9905e$var$TableCollection.commit (http://localhost:3000/_next/static/chunks/0mgr_react-aria-components_dist_0wj7x_z._.js:861:14)
    at $681cc3c98f569e39$export$b34a105447964f9f.updateCollection (http://localhost:3000/_next/static/chunks/0mgr_0z-x7bv._.js:4613:33)
    at $681cc3c98f569e39$export$b34a105447964f9f.getCollection (http://localhost:3000/_next/static/chunks/0mgr_0z-x7bv._.js:4593:14)
    at http://localhost:3000/_next/static/chunks/0mgr_0z-x7bv._.js:4811:35
    at updateSyncExternalStore (http://localhost:3000/_next/static/chunks/0mgr_next_dist_compiled_react-dom_0tn~.m7._.js:4956:40)
    at Object.useSyncExternalStore (http://localhost:3000/_next/static/chunks/0mgr_next_dist_compiled_react-dom_0tn~.m7._.js:15514:20)
    at exports.useSyncExternalStore (http://localhost:3000/_next/static/chunks/0mgr_next_dist_compiled_05ok-pt._.js:1757:36)
    at $e1995378a142960e$var$useCollectionDocument (http://localhost:3000/_next/static/chunks/0mgr_0z-x7bv._.js:4825:22)
    at $e1995378a142960e$export$bf788dd355e3a401 (http://localhost:3000/_next/static/chunks/0mgr_0z-x7bv._.js:4773:58)
    at Object.react_stack_bottom_frame (http://localhost:3000/_next/static/chunks/0mgr_next_dist_compiled_react-dom_0tn~.m7._.js:15037:24)
    at renderWithHooks (http://localhost:3000/_next/static/chunks/0mgr_next_dist_compiled_react-dom_0tn~.m7._.js:4620:24)
    at updateFunctionComponent (http://localhost:3000/_next/static/chunks/0mgr_next_dist_compiled_react-dom_0tn~.m7._.js:6081:21)
    at beginWork (http://localhost:3000/_next/static/chunks/0mgr_next_dist_compiled_react-dom_0tn~.m7._.js:6691:24)
    at runWithFiberInDEV (http://localhost:3000/_next/static/chunks/0mgr_next_dist_compiled_react-dom_0tn~.m7._.js:965:74)
    at performUnitOfWork (http://localhost:3000/_next/static/chunks/0mgr_next_dist_compiled_react-dom_0tn~.m7._.js:9555:97)
    at workLoopSync (http://localhost:3000/_next/static/chunks/0mgr_next_dist_compiled_react-dom_0tn~.m7._.js:9449:40)
    at renderRootSync (http://localhost:3000/_next/static/chunks/0mgr_next_dist_compiled_react-dom_0tn~.m7._.js:9433:13)
    at performWorkOnRoot (http://localhost:3000/_next/static/chunks/0mgr_next_dist_compiled_react-dom_0tn~.m7._.js:9061:186)
    at performSyncWorkOnRoot (http://localhost:3000/_next/static/chunks/0mgr_next_dist_compiled_react-dom_0tn~.m7._.js:10263:9)
    at flushSyncWorkAcrossRoots_impl (http://localhost:3000/_next/static/chunks/0mgr_next_dist_compiled_react-dom_0tn~.m7._.js:10179:316)
    at flushSpawnedWork (http://localhost:3000/_next/static/chunks/0mgr_next_dist_compiled_react-dom_0tn~.m7._.js:9939:13)
    at commitRoot (http://localhost:3000/_next/static/chunks/0mgr_next_dist_compiled_react-dom_0tn~.m7._.js:9746:441)
    at completeRoot (http://localhost:3000/_next/static/chunks/0mgr_next_dist_compiled_react-dom_0tn~.m7._.js:9711:13)
    at completeRootWhenReady (http://localhost:3000/_next/static/chunks/0mgr_next_dist_compiled_react-dom_0tn~.m7._.js:9187:9)
    at performWorkOnRoot (http://localhost:3000/_next/static/chunks/0mgr_next_dist_compiled_react-dom_0tn~.m7._.js:9159:25)
    at performWorkOnRootViaSchedulerTask (http://localhost:3000/_next/static/chunks/0mgr_next_dist_compiled_react-dom_0tn~.m7._.js:10255:9)
    at MessagePort.performWorkUntilDeadline (http://localhost:3000/_next/static/chunks/0mgr_next_dist_compiled_05ok-pt._.js:2647:64)
[    3045ms] Error: A table must have at least one Column with the isRowHeader prop set to true
    at $1910c06f0ca9905e$var$TableCollection.updateColumns (http://localhost:3000/_next/static/chunks/0mgr_react-aria-components_dist_0wj7x_z._.js:896:93)
    at $1910c06f0ca9905e$var$TableCollection.commit (http://localhost:3000/_next/static/chunks/0mgr_react-aria-components_dist_0wj7x_z._.js:861:14)
    at $681cc3c98f569e39$export$b34a105447964f9f.updateCollection (http://localhost:3000/_next/static/chunks/0mgr_0z-x7bv._.js:4613:33)
    at $681cc3c98f569e39$export$b34a105447964f9f.getCollection (http://localhost:3000/_next/static/chunks/0mgr_0z-x7bv._.js:4593:14)
    at http://localhost:3000/_next/static/chunks/0mgr_0z-x7bv._.js:4811:35
    at updateSyncExternalStore (http://localhost:3000/_next/static/chunks/0mgr_next_dist_compiled_react-dom_0tn~.m7._.js:4956:40)
    at Object.useSyncExternalStore (http://localhost:3000/_next/static/chunks/0mgr_next_dist_compiled_react-dom_0tn~.m7._.js:15514:20)
    at exports.useSyncExternalStore (http://localhost:3000/_next/static/chunks/0mgr_next_dist_compiled_05ok-pt._.js:1757:36)
    at $e1995378a142960e$var$useCollectionDocument (http://localhost:3000/_next/static/chunks/0mgr_0z-x7bv._.js:4825:22)
    at $e1995378a142960e$export$bf788dd355e3a401 (http://localhost:3000/_next/static/chunks/0mgr_0z-x7bv._.js:4773:58)
    at Object.react_stack_bottom_frame (http://localhost:3000/_next/static/chunks/0mgr_next_dist_compiled_react-dom_0tn~.m7._.js:15037:24)
    at renderWithHooks (http://localhost:3000/_next/static/chunks/0mgr_next_dist_compiled_react-dom_0tn~.m7._.js:4620:24)
    at updateFunctionComponent (http://localhost:3000/_next/static/chunks/0mgr_next_dist_compiled_react-dom_0tn~.m7._.js:6081:21)
    at beginWork (http://localhost:3000/_next/static/chunks/0mgr_next_dist_compiled_react-dom_0tn~.m7._.js:6691:24)
    at runWithFiberInDEV (http://localhost:3000/_next/static/chunks/0mgr_next_dist_compiled_react-dom_0tn~.m7._.js:965:74)
    at performUnitOfWork (http://localhost:3000/_next/static/chunks/0mgr_next_dist_compiled_react-dom_0tn~.m7._.js:9555:97)
    at workLoopSync (http://localhost:3000/_next/static/chunks/0mgr_next_dist_compiled_react-dom_0tn~.m7._.js:9449:40)
    at renderRootSync (http://localhost:3000/_next/static/chunks/0mgr_next_dist_compiled_react-dom_0tn~.m7._.js:9433:13)
    at performWorkOnRoot (http://localhost:3000/_next/static/chunks/0mgr_next_dist_compiled_react-dom_0tn~.m7._.js:9061:186)
    at performSyncWorkOnRoot (http://localhost:3000/_next/static/chunks/0mgr_next_dist_compiled_react-dom_0tn~.m7._.js:10263:9)
    at flushSyncWorkAcrossRoots_impl (http://localhost:3000/_next/static/chunks/0mgr_next_dist_compiled_react-dom_0tn~.m7._.js:10179:316)
    at flushSpawnedWork (http://localhost:3000/_next/static/chunks/0mgr_next_dist_compiled_react-dom_0tn~.m7._.js:9939:13)
    at commitRoot (http://localhost:3000/_next/static/chunks/0mgr_next_dist_compiled_react-dom_0tn~.m7._.js:9746:441)
    at completeRoot (http://localhost:3000/_next/static/chunks/0mgr_next_dist_compiled_react-dom_0tn~.m7._.js:9711:13)
    at completeRootWhenReady (http://localhost:3000/_next/static/chunks/0mgr_next_dist_compiled_react-dom_0tn~.m7._.js:9187:9)
    at performWorkOnRoot (http://localhost:3000/_next/static/chunks/0mgr_next_dist_compiled_react-dom_0tn~.m7._.js:9159:25)
    at performWorkOnRootViaSchedulerTask (http://localhost:3000/_next/static/chunks/0mgr_next_dist_compiled_react-dom_0tn~.m7._.js:10255:9)
    at MessagePort.performWorkUntilDeadline (http://localhost:3000/_next/static/chunks/0mgr_next_dist_compiled_05ok-pt._.js:2647:64)
[  164290ms] [LOG] [Fast Refresh] rebuilding @ http://localhost:3000/_next/static/chunks/0mgr_next_dist_12dcj3y._.js:2431
[  164294ms] [WARNING] [Fast Refresh] performing full reload because your application had an unrecoverable error @ http://localhost:3000/_next/static/chunks/0mgr_next_dist_12dcj3y._.js:2431
[  164346ms] [LOG] [Fast Refresh] done in 63ms @ http://localhost:3000/_next/static/chunks/0mgr_next_dist_12dcj3y._.js:2431
[  164550ms] [INFO] %cDownload the React DevTools for a better development experience: https://react.dev/link/react-devtools font-weight:bold @ http://localhost:3000/_next/static/chunks/0mgr_next_dist_12dcj3y._.js:2431
[  164564ms] [LOG] [HMR] connected @ http://localhost:3000/_next/static/chunks/0mgr_next_dist_12dcj3y._.js:2431
[  164642ms] [ERROR] The result of getServerSnapshot should be cached to avoid an infinite loop @ http://localhost:3000/_next/static/chunks/0mgr_next_dist_12dcj3y._.js:3272
